 main

 Timestamp is 586a089b (Mon Jan 02 16:00:27 2017)

 Preferred load address is 00010000

 Start         Length     Name                   Class
 0001:00000000 000007beH .text                   CODE
 0002:00000000 00000030H .idata$5                DATA
 0002:00000030 000000e8H .rdata                  DATA
 0003:00000000 00000428H .data                   DATA
 0003:00000428 00000008H .kmdfclassbind$a        DATA
 0003:00000430 00000004H .kmdfclassbind$c        DATA
 0003:00000434 00000004H .kmdfclassbind$d        DATA
 0003:00000438 00000008H .kmdftypeinit$a         DATA
 0003:00000440 00000004H .kmdftypeinit$c         DATA
 0003:00000448 00000858H .bss                    DATA
 0004:00000000 00000034H INIT                    CODE
 0004:00000034 00000028H .idata$2                CODE
 0004:0000005c 00000014H .idata$3                CODE
 0004:00000070 00000030H .idata$4                CODE
 0004:000000a0 000000d2H .idata$6                CODE

  Address         Publics by Value              Rva+Base     Lib:Object

 0001:00000000       _WDF_OBJECT_ATTRIBUTES_INIT@4 000102a0 f   main.obj
 0001:00000028       _WDF_FILEOBJECT_CONFIG_INIT@16 000102c8 f   main.obj
 0001:00000058       _WdfDeviceCreate@12        000102f8 f   main.obj
 0001:0000007a       _WdfDeviceCreateSymbolicLink@8 0001031a f   main.obj
 0001:00000099       _WdfDeviceCreateDeviceInterface@12 00010339 f   main.obj
 0001:000000bb       _WdfDeviceInitAssignName@8 0001035b f   main.obj
 0001:000000da       _WdfDeviceInitSetFileObjectConfig@12 0001037a f   main.obj
 0001:000000fc       _WdfDeviceInitSetIoType@8  0001039c f   main.obj
 0001:0000011b       _WDF_DRIVER_CONFIG_INIT@8  000103bb f   main.obj
 0001:0000013c       _WdfDriverCreate@20        000103dc f   main.obj
 0001:00000164       _WdfRequestComplete@8      00010404 f   main.obj
 0001:00000183       _WdfRequestCompleteWithInformation@12 00010423 f   main.obj
 0001:000001a5       _WdfRequestRetrieveOutputMemory@8 00010445 f   main.obj
 0001:000001c4       _WdfRequestRetrieveInputMemory@8 00010464 f   main.obj
 0001:000001e3       _WdfRequestRetrieveInputWdmMdl@8 00010483 f   main.obj
 0001:00000202       _WdfRequestRetrieveOutputWdmMdl@8 000104a2 f   main.obj
 0001:00000221       _WdfRequestRetrieveUnsafeUserInputBuffer@16 000104c1 f   main.obj
 0001:00000246       _WdfRequestRetrieveUnsafeUserOutputBuffer@16 000104e6 f   main.obj
 0001:0000026b       _WdfRequestProbeAndLockUserBufferForRead@16 0001050b f   main.obj
 0001:00000290       _WdfRequestProbeAndLockUserBufferForWrite@16 00010530 f   main.obj
 0001:000002b5       _WDF_IO_QUEUE_CONFIG_INIT_DEFAULT_QUEUE@8 00010555 f   main.obj
 0001:000002f1       _WdfIoQueueCreate@16       00010591 f   main.obj
 0001:00000316       _WdfMemoryCopyFromBuffer@16 000105b6 f   main.obj
 0001:0000033b       _WdfMemoryCopyToBuffer@16  000105db f   main.obj
 0001:00000360       _WdfMemoryGetBuffer@8      00010600 f   main.obj
 0001:0000037f       _IrpFileCreate@12          0001061f f   main.obj
 0001:0000039d       _IrpFileClose@4            0001063d f   main.obj
 0001:000003b1       _IrpRead@12                00010651 f   main.obj
 0001:0000042a       _IrpWrite@12               000106ca f   main.obj
 0001:000004a3       _AddDevice@8               00010743 f   main.obj
 0001:00000556       _DriverEntry@8             000107f6 f   main.obj
 0001:00000582       _RtlInitUnicodeString@8    00010822 f   ntoskrnl:ntoskrnl.exe
 0001:00000588       _RtlZeroMemory@8           00010828 f   ntoskrnl:ntoskrnl.exe
 0001:0000058e       _memcpy                    0001082e f   ntoskrnl:ntoskrnl.exe
 0001:00000594       _DbgPrint                  00010834 f   ntoskrnl:ntoskrnl.exe
 0001:0000059a       ?FxStubDriverUnloadCommon@@YGXXZ 0001083a f   wdfdriverentry:stub.obj
 0001:000005bb       _FxStubDriverUnload@4      0001085b f   wdfdriverentry:stub.obj
 0001:000005de       _FxStubDriverMiniportUnload@8 0001087e f   wdfdriverentry:stub.obj
 0001:000005e6       _FxDriverEntryWorker@8     00010886 f   wdfdriverentry:stub.obj
 0001:000006b7       _FxDriverEntry@8           00010957 f   wdfdriverentry:stub.obj
 0001:000006c7       ?FxStubBindClasses@@YGJPAU_WDF_BIND_INFO@@@Z 00010967 f   wdfdriverentry:classbind.obj
 0001:00000722       ?FxStubUnbindClasses@@YGXPAU_WDF_BIND_INFO@@@Z 000109c2 f   wdfdriverentry:classbind.obj
 0001:0000076e       ?FxStubInitTypes@@YGXXZ    00010a0e f   wdfdriverentry:inittypes.obj
 0001:000007a6       _WdfVersionUnbind@12       00010a46 f   wdfldr:WDFLDR.SYS
 0001:000007ac       _WdfVersionBind@16         00010a4c f   wdfldr:WDFLDR.SYS
 0001:000007b2       _WdfVersionBindClass@12    00010a52 f   wdfldr:WDFLDR.SYS
 0001:000007b8       _WdfVersionUnbindClass@12  00010a58 f   wdfldr:WDFLDR.SYS
 0002:00000000       __imp__WdfVersionBindClass@12 00010a60     wdfldr:WDFLDR.SYS
 0002:00000004       __imp__WdfVersionBind@16   00010a64     wdfldr:WDFLDR.SYS
 0002:00000008       __imp__WdfVersionUnbind@12 00010a68     wdfldr:WDFLDR.SYS
 0002:0000000c       __imp__WdfVersionUnbindClass@12 00010a6c     wdfldr:WDFLDR.SYS
 0002:00000010       \177WDFLDR_NULL_THUNK_DATA 00010a70     wdfldr:WDFLDR.SYS
 0002:00000014       __imp__memcpy              00010a74     ntoskrnl:ntoskrnl.exe
 0002:00000018       __imp__RtlCopyUnicodeString@8 00010a78     ntoskrnl:ntoskrnl.exe
 0002:0000001c       __imp__KeTickCount         00010a7c     ntoskrnl:ntoskrnl.exe
 0002:0000001c       _KeTickCount               00010a7c     ntoskrnl:ntoskrnl.exe
 0002:00000020       __imp__RtlZeroMemory@8     00010a80     ntoskrnl:ntoskrnl.exe
 0002:00000024       __imp__RtlInitUnicodeString@8 00010a84     ntoskrnl:ntoskrnl.exe
 0002:00000028       __imp__DbgPrint            00010a88     ntoskrnl:ntoskrnl.exe
 0002:0000002c       \177ntoskrnl_NULL_THUNK_DATA 00010a8c     ntoskrnl:ntoskrnl.exe
 0002:00000100       ??_C@_1BI@BJCKEEDJ@?$AAK?$AAm?$AAd?$AAf?$AAL?$AAi?$AAb?$AAr?$AAa?$AAr?$AAy?$AA?$AA@ 00010b60     wdfdriverentry:stub.obj
 0003:00000420       ___security_cookie         00010fa0     BufferOverflowK:gs_support.obj
 0003:00000424       ___security_cookie_complement 00010fa4     BufferOverflowK:gs_support.obj
 0003:00000428       ?__KMDF_CLASS_BIND_START@@3U_MARKER_TYPE@@A 00010fa8     wdfdriverentry:classbind.obj
 0003:00000430       ?__KMDF_CLASS_BIND_END@@3PAXA 00010fb0     wdfdriverentry:classbind.obj
 0003:00000438       ?__KMDF_TYPE_INIT_START@@3U_MARKER_TYPE@@A 00010fb8     wdfdriverentry:inittypes.obj
 0003:00000440       ?__KMDF_TYPE_INIT_END@@3PAXA 00010fc0     wdfdriverentry:inittypes.obj
 0003:00000448       _WdfFunctions              00010fc8     wdfdriverentry:stub.obj
 0003:00000a78       _typeWDF_IFR_HEADER        000115f8     wdfdriverentry:stub.obj
 0003:00000a8c       _WdfDriverGlobals          0001160c     wdfdriverentry:stub.obj
 0004:00000000       ___security_init_cookie    00011820 f   BufferOverflowK:gs_support.obj
 0004:00000034       __IMPORT_DESCRIPTOR_ntoskrnl 00011854     ntoskrnl:ntoskrnl.exe
 0004:00000048       __IMPORT_DESCRIPTOR_WDFLDR 00011868     wdfldr:WDFLDR.SYS
 0004:0000005c       __NULL_IMPORT_DESCRIPTOR   0001187c     ntoskrnl:ntoskrnl.exe

 entry point at        0001:00000556

 Static symbols

