 main

 Timestamp is 586b1745 (Tue Jan 03 11:15:17 2017)

 Preferred load address is 00010000

 Start         Length     Name                   Class
 0001:00000000 000006e6H .text                   CODE
 0002:00000000 0000002cH .idata$5                DATA
 0002:0000002c 000000b8H .rdata                  DATA
 0003:00000000 00000028H .data                   DATA
 0003:00000028 00000008H .kmdfclassbind$a        DATA
 0003:00000030 00000004H .kmdfclassbind$c        DATA
 0003:00000034 00000004H .kmdfclassbind$d        DATA
 0003:00000038 00000008H .kmdftypeinit$a         DATA
 0003:00000040 00000004H .kmdftypeinit$c         DATA
 0003:00000048 00000858H .bss                    DATA
 0004:00000000 00000034H INIT                    CODE
 0004:00000034 00000028H .idata$2                CODE
 0004:0000005c 00000014H .idata$3                CODE
 0004:00000070 0000002cH .idata$4                CODE
 0004:0000009c 000000c8H .idata$6                CODE

  Address         Publics by Value              Rva+Base     Lib:Object

 0001:00000000       _WDF_OBJECT_ATTRIBUTES_INIT@4 000102a0 f   main.obj
 0001:00000028       _WDF_FILEOBJECT_CONFIG_INIT@16 000102c8 f   main.obj
 0001:00000058       _WdfDeviceCreate@12        000102f8 f   main.obj
 0001:0000007a       _WdfDeviceCreateSymbolicLink@8 0001031a f   main.obj
 0001:00000099       _WdfDeviceCreateDeviceInterface@12 00010339 f   main.obj
 0001:000000bb       _WdfDeviceInitAssignName@8 0001035b f   main.obj
 0001:000000da       _WdfDeviceInitSetFileObjectConfig@12 0001037a f   main.obj
 0001:000000fc       _WdfDeviceInitSetIoType@8  0001039c f   main.obj
 0001:0000011b       _WDF_DRIVER_CONFIG_INIT@8  000103bb f   main.obj
 0001:0000013c       _WdfDriverCreate@20        000103dc f   main.obj
 0001:00000164       _WdfRequestComplete@8      00010404 f   main.obj
 0001:00000183       _WdfRequestCompleteWithInformation@12 00010423 f   main.obj
 0001:000001a5       _WdfRequestRetrieveOutputMemory@8 00010445 f   main.obj
 0001:000001c4       _WdfRequestRetrieveInputMemory@8 00010464 f   main.obj
 0001:000001e3       _WdfRequestRetrieveInputWdmMdl@8 00010483 f   main.obj
 0001:00000202       _WdfRequestRetrieveOutputWdmMdl@8 000104a2 f   main.obj
 0001:00000221       _WdfRequestRetrieveUnsafeUserInputBuffer@16 000104c1 f   main.obj
 0001:00000246       _WdfRequestRetrieveUnsafeUserOutputBuffer@16 000104e6 f   main.obj
 0001:0000026b       _WdfRequestProbeAndLockUserBufferForRead@16 0001050b f   main.obj
 0001:00000290       _WdfRequestProbeAndLockUserBufferForWrite@16 00010530 f   main.obj
 0001:000002b5       _WDF_IO_QUEUE_CONFIG_INIT_DEFAULT_QUEUE@8 00010555 f   main.obj
 0001:000002f1       _WdfIoQueueCreate@16       00010591 f   main.obj
 0001:00000316       _WdfMemoryCopyFromBuffer@16 000105b6 f   main.obj
 0001:0000033b       _WdfMemoryCopyToBuffer@16  000105db f   main.obj
 0001:00000360       _WdfMemoryGetBuffer@8      00010600 f   main.obj
 0001:0000037f       _IrpFileCreate@12          0001061f f   main.obj
 0001:0000039d       _IrpFileClose@4            0001063d f   main.obj
 0001:000003b1       _IrpIOCTL@20               00010651 f   main.obj
 0001:000003d8       _AddDevice@8               00010678 f   main.obj
 0001:00000484       _DriverEntry@8             00010724 f   main.obj
 0001:000004b0       _RtlInitUnicodeString@8    00010750 f   ntoskrnl:ntoskrnl.exe
 0001:000004b6       _RtlZeroMemory@8           00010756 f   ntoskrnl:ntoskrnl.exe
 0001:000004bc       _DbgPrint                  0001075c f   ntoskrnl:ntoskrnl.exe
 0001:000004c2       ?FxStubDriverUnloadCommon@@YGXXZ 00010762 f   wdfdriverentry:stub.obj
 0001:000004e3       _FxStubDriverUnload@4      00010783 f   wdfdriverentry:stub.obj
 0001:00000506       _FxStubDriverMiniportUnload@8 000107a6 f   wdfdriverentry:stub.obj
 0001:0000050e       _FxDriverEntryWorker@8     000107ae f   wdfdriverentry:stub.obj
 0001:000005df       _FxDriverEntry@8           0001087f f   wdfdriverentry:stub.obj
 0001:000005ef       ?FxStubBindClasses@@YGJPAU_WDF_BIND_INFO@@@Z 0001088f f   wdfdriverentry:classbind.obj
 0001:0000064a       ?FxStubUnbindClasses@@YGXPAU_WDF_BIND_INFO@@@Z 000108ea f   wdfdriverentry:classbind.obj
 0001:00000696       ?FxStubInitTypes@@YGXXZ    00010936 f   wdfdriverentry:inittypes.obj
 0001:000006ce       _WdfVersionUnbind@12       0001096e f   wdfldr:WDFLDR.SYS
 0001:000006d4       _WdfVersionBind@16         00010974 f   wdfldr:WDFLDR.SYS
 0001:000006da       _WdfVersionBindClass@12    0001097a f   wdfldr:WDFLDR.SYS
 0001:000006e0       _WdfVersionUnbindClass@12  00010980 f   wdfldr:WDFLDR.SYS
 0002:00000000       __imp__WdfVersionBindClass@12 000109a0     wdfldr:WDFLDR.SYS
 0002:00000004       __imp__WdfVersionBind@16   000109a4     wdfldr:WDFLDR.SYS
 0002:00000008       __imp__WdfVersionUnbind@12 000109a8     wdfldr:WDFLDR.SYS
 0002:0000000c       __imp__WdfVersionUnbindClass@12 000109ac     wdfldr:WDFLDR.SYS
 0002:00000010       \177WDFLDR_NULL_THUNK_DATA 000109b0     wdfldr:WDFLDR.SYS
 0002:00000014       __imp__DbgPrint            000109b4     ntoskrnl:ntoskrnl.exe
 0002:00000018       __imp__KeTickCount         000109b8     ntoskrnl:ntoskrnl.exe
 0002:00000018       _KeTickCount               000109b8     ntoskrnl:ntoskrnl.exe
 0002:0000001c       __imp__RtlZeroMemory@8     000109bc     ntoskrnl:ntoskrnl.exe
 0002:00000020       __imp__RtlInitUnicodeString@8 000109c0     ntoskrnl:ntoskrnl.exe
 0002:00000024       __imp__RtlCopyUnicodeString@8 000109c4     ntoskrnl:ntoskrnl.exe
 0002:00000028       \177ntoskrnl_NULL_THUNK_DATA 000109c8     ntoskrnl:ntoskrnl.exe
 0002:000000cc       ??_C@_1BI@BJCKEEDJ@?$AAK?$AAm?$AAd?$AAf?$AAL?$AAi?$AAb?$AAr?$AAa?$AAr?$AAy?$AA?$AA@ 00010a6c     wdfdriverentry:stub.obj
 0003:00000020       ___security_cookie         00010ac0     BufferOverflowK:gs_support.obj
 0003:00000024       ___security_cookie_complement 00010ac4     BufferOverflowK:gs_support.obj
 0003:00000028       ?__KMDF_CLASS_BIND_START@@3U_MARKER_TYPE@@A 00010ac8     wdfdriverentry:classbind.obj
 0003:00000030       ?__KMDF_CLASS_BIND_END@@3PAXA 00010ad0     wdfdriverentry:classbind.obj
 0003:00000038       ?__KMDF_TYPE_INIT_START@@3U_MARKER_TYPE@@A 00010ad8     wdfdriverentry:inittypes.obj
 0003:00000040       ?__KMDF_TYPE_INIT_END@@3PAXA 00010ae0     wdfdriverentry:inittypes.obj
 0003:00000048       _WdfFunctions              00010ae8     wdfdriverentry:stub.obj
 0003:00000678       _typeWDF_IFR_HEADER        00011118     wdfdriverentry:stub.obj
 0003:0000068c       _WdfDriverGlobals          0001112c     wdfdriverentry:stub.obj
 0004:00000000       ___security_init_cookie    00011340 f   BufferOverflowK:gs_support.obj
 0004:00000034       __IMPORT_DESCRIPTOR_ntoskrnl 00011374     ntoskrnl:ntoskrnl.exe
 0004:00000048       __IMPORT_DESCRIPTOR_WDFLDR 00011388     wdfldr:WDFLDR.SYS
 0004:0000005c       __NULL_IMPORT_DESCRIPTOR   0001139c     ntoskrnl:ntoskrnl.exe

 entry point at        0001:00000484

 Static symbols

