 main

 Timestamp is 586dfb4b (Thu Jan 05 15:52:43 2017)

 Preferred load address is 00010000

 Start         Length     Name                   Class
 0001:00000000 000008b0H .text                   CODE
 0002:00000000 0000002cH .idata$5                DATA
 0002:0000002c 000000f0H .rdata                  DATA
 0003:00000000 00000028H .data                   DATA
 0003:00000028 00000008H .kmdfclassbind$a        DATA
 0003:00000030 00000004H .kmdfclassbind$c        DATA
 0003:00000034 00000004H .kmdfclassbind$d        DATA
 0003:00000038 00000008H .kmdftypeinit$a         DATA
 0003:00000040 00000004H .kmdftypeinit$c         DATA
 0003:00000048 00000858H .bss                    DATA
 0004:00000000 00000034H INIT                    CODE
 0004:00000034 00000028H .idata$2                CODE
 0004:0000005c 00000014H .idata$3                CODE
 0004:00000070 0000002cH .idata$4                CODE
 0004:0000009c 000000c8H .idata$6                CODE

  Address         Publics by Value              Rva+Base     Lib:Object

 0001:00000000       _WDF_OBJECT_ATTRIBUTES_INIT@4 000102a0 f   main.obj
 0001:00000028       _WDF_FILEOBJECT_CONFIG_INIT@16 000102c8 f   main.obj
 0001:00000058       _WdfDeviceCreate@12        000102f8 f   main.obj
 0001:0000007a       _WdfDeviceCreateSymbolicLink@8 0001031a f   main.obj
 0001:00000099       _WdfDeviceCreateDeviceInterface@12 00010339 f   main.obj
 0001:000000bb       _WdfDeviceInitAssignName@8 0001035b f   main.obj
 0001:000000da       _WdfDeviceInitSetFileObjectConfig@12 0001037a f   main.obj
 0001:000000fc       _WdfDeviceInitSetIoType@8  0001039c f   main.obj
 0001:0000011b       _WdfDeviceWdmGetDeviceObject@4 000103bb f   main.obj
 0001:00000135       _WDF_DRIVER_CONFIG_INIT@8  000103d5 f   main.obj
 0001:00000156       _WdfDriverCreate@20        000103f6 f   main.obj
 0001:0000017e       _WdfRequestComplete@8      0001041e f   main.obj
 0001:0000019d       _WdfRequestCompleteWithInformation@12 0001043d f   main.obj
 0001:000001bf       _WdfRequestRetrieveOutputMemory@8 0001045f f   main.obj
 0001:000001de       _WdfRequestRetrieveInputMemory@8 0001047e f   main.obj
 0001:000001fd       _WdfRequestRetrieveInputWdmMdl@8 0001049d f   main.obj
 0001:0000021c       _WdfRequestRetrieveOutputWdmMdl@8 000104bc f   main.obj
 0001:0000023b       _WdfRequestRetrieveUnsafeUserInputBuffer@16 000104db f   main.obj
 0001:00000260       _WdfRequestRetrieveUnsafeUserOutputBuffer@16 00010500 f   main.obj
 0001:00000285       _WdfRequestProbeAndLockUserBufferForRead@16 00010525 f   main.obj
 0001:000002aa       _WdfRequestProbeAndLockUserBufferForWrite@16 0001054a f   main.obj
 0001:000002cf       _WdfRequestSetInformation@8 0001056f f   main.obj
 0001:000002ee       _WdfRequestForwardToIoQueue@8 0001058e f   main.obj
 0001:0000030d       _WdfRequestRequeue@4       000105ad f   main.obj
 0001:00000329       _WdfRequestMarkCancelable@8 000105c9 f   main.obj
 0001:00000348       _WDF_IO_QUEUE_CONFIG_INIT_DEFAULT_QUEUE@8 000105e8 f   main.obj
 0001:00000384       _WdfIoQueueCreate@16       00010624 f   main.obj
 0001:000003a9       _WDF_REL_TIMEOUT_IN_MS@8   00010649 f   main.obj
 0001:000003c8       _WdfMemoryCopyFromBuffer@16 00010668 f   main.obj
 0001:000003ed       _WdfMemoryCopyToBuffer@16  0001068d f   main.obj
 0001:00000412       _WdfMemoryGetBuffer@8      000106b2 f   main.obj
 0001:00000431       _WDF_TIMER_CONFIG_INIT@8   000106d1 f   main.obj
 0001:00000463       _WDF_TIMER_CONFIG_INIT_PERIODIC@12 00010703 f   main.obj
 0001:00000494       _WdfTimerCreate@12         00010734 f   main.obj
 0001:000004b6       _WdfTimerStart@12          00010756 f   main.obj
 0001:000004d8       _WdfTimerStop@8            00010778 f   main.obj
 0001:000004f8       _IrpCancel@4               00010798 f   main.obj
 0001:0000051b       _IrpFileCreate@12          000107bb f   main.obj
 0001:00000539       _IrpFileClose@4            000107d9 f   main.obj
 0001:0000054d       _IrpIOCTL@20               000107ed f   main.obj
 0001:000005a0       _AddDevice@8               00010840 f   main.obj
 0001:0000064f       _DriverEntry@8             000108ef f   main.obj
 0001:0000067a       _RtlInitUnicodeString@8    0001091a f   ntoskrnl:ntoskrnl.exe
 0001:00000680       _RtlZeroMemory@8           00010920 f   ntoskrnl:ntoskrnl.exe
 0001:00000686       _DbgPrint                  00010926 f   ntoskrnl:ntoskrnl.exe
 0001:0000068c       ?FxStubDriverUnloadCommon@@YGXXZ 0001092c f   wdfdriverentry:stub.obj
 0001:000006ad       _FxStubDriverUnload@4      0001094d f   wdfdriverentry:stub.obj
 0001:000006d0       _FxStubDriverMiniportUnload@8 00010970 f   wdfdriverentry:stub.obj
 0001:000006d8       _FxDriverEntryWorker@8     00010978 f   wdfdriverentry:stub.obj
 0001:000007a9       _FxDriverEntry@8           00010a49 f   wdfdriverentry:stub.obj
 0001:000007b9       ?FxStubBindClasses@@YGJPAU_WDF_BIND_INFO@@@Z 00010a59 f   wdfdriverentry:classbind.obj
 0001:00000814       ?FxStubUnbindClasses@@YGXPAU_WDF_BIND_INFO@@@Z 00010ab4 f   wdfdriverentry:classbind.obj
 0001:00000860       ?FxStubInitTypes@@YGXXZ    00010b00 f   wdfdriverentry:inittypes.obj
 0001:00000898       _WdfVersionUnbind@12       00010b38 f   wdfldr:WDFLDR.SYS
 0001:0000089e       _WdfVersionBind@16         00010b3e f   wdfldr:WDFLDR.SYS
 0001:000008a4       _WdfVersionBindClass@12    00010b44 f   wdfldr:WDFLDR.SYS
 0001:000008aa       _WdfVersionUnbindClass@12  00010b4a f   wdfldr:WDFLDR.SYS
 0002:00000000       __imp__WdfVersionBindClass@12 00010b60     wdfldr:WDFLDR.SYS
 0002:00000004       __imp__WdfVersionBind@16   00010b64     wdfldr:WDFLDR.SYS
 0002:00000008       __imp__WdfVersionUnbind@12 00010b68     wdfldr:WDFLDR.SYS
 0002:0000000c       __imp__WdfVersionUnbindClass@12 00010b6c     wdfldr:WDFLDR.SYS
 0002:00000010       \177WDFLDR_NULL_THUNK_DATA 00010b70     wdfldr:WDFLDR.SYS
 0002:00000014       __imp__DbgPrint            00010b74     ntoskrnl:ntoskrnl.exe
 0002:00000018       __imp__KeTickCount         00010b78     ntoskrnl:ntoskrnl.exe
 0002:00000018       _KeTickCount               00010b78     ntoskrnl:ntoskrnl.exe
 0002:0000001c       __imp__RtlZeroMemory@8     00010b7c     ntoskrnl:ntoskrnl.exe
 0002:00000020       __imp__RtlInitUnicodeString@8 00010b80     ntoskrnl:ntoskrnl.exe
 0002:00000024       __imp__RtlCopyUnicodeString@8 00010b84     ntoskrnl:ntoskrnl.exe
 0002:00000028       \177ntoskrnl_NULL_THUNK_DATA 00010b88     ntoskrnl:ntoskrnl.exe
 0002:00000104       ??_C@_1BI@BJCKEEDJ@?$AAK?$AAm?$AAd?$AAf?$AAL?$AAi?$AAb?$AAr?$AAa?$AAr?$AAy?$AA?$AA@ 00010c64     wdfdriverentry:stub.obj
 0003:00000020       ___security_cookie         00010ca0     BufferOverflowK:gs_support.obj
 0003:00000024       ___security_cookie_complement 00010ca4     BufferOverflowK:gs_support.obj
 0003:00000028       ?__KMDF_CLASS_BIND_START@@3U_MARKER_TYPE@@A 00010ca8     wdfdriverentry:classbind.obj
 0003:00000030       ?__KMDF_CLASS_BIND_END@@3PAXA 00010cb0     wdfdriverentry:classbind.obj
 0003:00000038       ?__KMDF_TYPE_INIT_START@@3U_MARKER_TYPE@@A 00010cb8     wdfdriverentry:inittypes.obj
 0003:00000040       ?__KMDF_TYPE_INIT_END@@3PAXA 00010cc0     wdfdriverentry:inittypes.obj
 0003:00000048       _WdfFunctions              00010cc8     wdfdriverentry:stub.obj
 0003:00000678       _typeWDF_IFR_HEADER        000112f8     wdfdriverentry:stub.obj
 0003:0000068c       _WdfDriverGlobals          0001130c     wdfdriverentry:stub.obj
 0004:00000000       ___security_init_cookie    00011520 f   BufferOverflowK:gs_support.obj
 0004:00000034       __IMPORT_DESCRIPTOR_ntoskrnl 00011554     ntoskrnl:ntoskrnl.exe
 0004:00000048       __IMPORT_DESCRIPTOR_WDFLDR 00011568     wdfldr:WDFLDR.SYS
 0004:0000005c       __NULL_IMPORT_DESCRIPTOR   0001157c     ntoskrnl:ntoskrnl.exe

 entry point at        0001:0000064f

 Static symbols

