 main

 Timestamp is 5d68f57b (Fri Aug 30 03:07:55 2019)

 Preferred load address is 00010000

 Start         Length     Name                   Class
 0001:00000000 0000043cH .text                   CODE
 0002:00000000 0000002cH .idata$5                DATA
 0002:0000002c 00000074H .rdata                  DATA
 0003:00000000 00000040H .data                   DATA
 0003:00000040 00000008H .kmdfclassbind$a        DATA
 0003:00000048 00000004H .kmdfclassbind$c        DATA
 0003:0000004c 00000004H .kmdfclassbind$d        DATA
 0003:00000050 00000008H .kmdftypeinit$a         DATA
 0003:00000058 00000004H .kmdftypeinit$c         DATA
 0003:00000060 00000858H .bss                    DATA
 0004:00000000 00000034H INIT                    CODE
 0004:00000034 00000028H .idata$2                CODE
 0004:0000005c 00000014H .idata$3                CODE
 0004:00000070 0000002cH .idata$4                CODE
 0004:0000009c 000000c8H .idata$6                CODE

  Address         Publics by Value              Rva+Base     Lib:Object

 0001:00000000       _WDF_OBJECT_ATTRIBUTES_INIT@4 000102c0 f   main.obj
 0001:00000028       _WDF_FILEOBJECT_CONFIG_INIT@16 000102e8 f   main.obj
 0001:00000058       _WdfDeviceCreate@12        00010318 f   main.obj
 0001:0000007a       _WdfDeviceCreateSymbolicLink@8 0001033a f   main.obj
 0001:00000099       _WdfDeviceCreateDeviceInterface@12 00010359 f   main.obj
 0001:000000bb       _WdfDeviceInitAssignName@8 0001037b f   main.obj
 0001:000000da       _WdfDeviceInitSetFileObjectConfig@12 0001039a f   main.obj
 0001:000000fc       _WdfDeviceInitSetIoType@8  000103bc f   main.obj
 0001:0000011b       _WdfDeviceWdmGetDeviceObject@4 000103db f   main.obj
 0001:00000135       _WDF_DRIVER_CONFIG_INIT@8  000103f5 f   main.obj
 0001:00000156       _WdfDriverCreate@20        00010416 f   main.obj
 0001:0000017e       _AddDevice@8               0001043e f   main.obj
 0001:000001cf       _DriverEntry@8             0001048f f   main.obj
 0001:00000206       _RtlInitUnicodeString@8    000104c6 f   ntoskrnl:ntoskrnl.exe
 0001:0000020c       _RtlZeroMemory@8           000104cc f   ntoskrnl:ntoskrnl.exe
 0001:00000212       _DbgPrint                  000104d2 f   ntoskrnl:ntoskrnl.exe
 0001:00000218       ?FxStubDriverUnloadCommon@@YGXXZ 000104d8 f   wdfdriverentry:stub.obj
 0001:00000239       _FxStubDriverUnload@4      000104f9 f   wdfdriverentry:stub.obj
 0001:0000025c       _FxStubDriverMiniportUnload@8 0001051c f   wdfdriverentry:stub.obj
 0001:00000264       _FxDriverEntryWorker@8     00010524 f   wdfdriverentry:stub.obj
 0001:00000335       _FxDriverEntry@8           000105f5 f   wdfdriverentry:stub.obj
 0001:00000345       ?FxStubBindClasses@@YGJPAU_WDF_BIND_INFO@@@Z 00010605 f   wdfdriverentry:classbind.obj
 0001:000003a0       ?FxStubUnbindClasses@@YGXPAU_WDF_BIND_INFO@@@Z 00010660 f   wdfdriverentry:classbind.obj
 0001:000003ec       ?FxStubInitTypes@@YGXXZ    000106ac f   wdfdriverentry:inittypes.obj
 0001:00000424       _WdfVersionUnbind@12       000106e4 f   wdfldr:WDFLDR.SYS
 0001:0000042a       _WdfVersionBind@16         000106ea f   wdfldr:WDFLDR.SYS
 0001:00000430       _WdfVersionBindClass@12    000106f0 f   wdfldr:WDFLDR.SYS
 0001:00000436       _WdfVersionUnbindClass@12  000106f6 f   wdfldr:WDFLDR.SYS
 0002:00000000       __imp__WdfVersionUnbind@12 00010700     wdfldr:WDFLDR.SYS
 0002:00000004       __imp__WdfVersionUnbindClass@12 00010704     wdfldr:WDFLDR.SYS
 0002:00000008       __imp__WdfVersionBindClass@12 00010708     wdfldr:WDFLDR.SYS
 0002:0000000c       __imp__WdfVersionBind@16   0001070c     wdfldr:WDFLDR.SYS
 0002:00000010       \177WDFLDR_NULL_THUNK_DATA 00010710     wdfldr:WDFLDR.SYS
 0002:00000014       __imp__DbgPrint            00010714     ntoskrnl:ntoskrnl.exe
 0002:00000018       __imp__RtlZeroMemory@8     00010718     ntoskrnl:ntoskrnl.exe
 0002:0000001c       __imp__RtlInitUnicodeString@8 0001071c     ntoskrnl:ntoskrnl.exe
 0002:00000020       __imp__RtlCopyUnicodeString@8 00010720     ntoskrnl:ntoskrnl.exe
 0002:00000024       __imp__KeTickCount         00010724     ntoskrnl:ntoskrnl.exe
 0002:00000024       _KeTickCount               00010724     ntoskrnl:ntoskrnl.exe
 0002:00000028       \177ntoskrnl_NULL_THUNK_DATA 00010728     ntoskrnl:ntoskrnl.exe
 0002:00000088       ??_C@_1BI@BJCKEEDJ@?$AAK?$AAm?$AAd?$AAf?$AAL?$AAi?$AAb?$AAr?$AAa?$AAr?$AAy?$AA?$AA@ 00010788     wdfdriverentry:stub.obj
 0003:00000038       ___security_cookie         000107f8     BufferOverflowK:gs_support.obj
 0003:0000003c       ___security_cookie_complement 000107fc     BufferOverflowK:gs_support.obj
 0003:00000040       ?__KMDF_CLASS_BIND_START@@3U_MARKER_TYPE@@A 00010800     wdfdriverentry:classbind.obj
 0003:00000048       ?__KMDF_CLASS_BIND_END@@3PAXA 00010808     wdfdriverentry:classbind.obj
 0003:00000050       ?__KMDF_TYPE_INIT_START@@3U_MARKER_TYPE@@A 00010810     wdfdriverentry:inittypes.obj
 0003:00000058       ?__KMDF_TYPE_INIT_END@@3PAXA 00010818     wdfdriverentry:inittypes.obj
 0003:00000060       _WdfFunctions              00010820     wdfdriverentry:stub.obj
 0003:00000690       _typeWDF_IFR_HEADER        00010e50     wdfdriverentry:stub.obj
 0003:000006a4       _WdfDriverGlobals          00010e64     wdfdriverentry:stub.obj
 0004:00000000       ___security_init_cookie    00011080 f   BufferOverflowK:gs_support.obj
 0004:00000034       __IMPORT_DESCRIPTOR_ntoskrnl 000110b4     ntoskrnl:ntoskrnl.exe
 0004:00000048       __IMPORT_DESCRIPTOR_WDFLDR 000110c8     wdfldr:WDFLDR.SYS
 0004:0000005c       __NULL_IMPORT_DESCRIPTOR   000110dc     ntoskrnl:ntoskrnl.exe

 entry point at        0001:000001cf

 Static symbols

