 main

 Timestamp is 586cd44b (Wed Jan 04 18:54:03 2017)

 Preferred load address is 00010000

 Start         Length     Name                   Class
 0001:00000000 00000926H .text                   CODE
 0002:00000000 0000002cH .idata$5                DATA
 0002:0000002c 000000f4H .rdata                  DATA
 0003:00000000 00000034H .data                   DATA
 0003:00000038 00000008H .kmdfclassbind$a        DATA
 0003:00000040 00000004H .kmdfclassbind$c        DATA
 0003:00000044 00000004H .kmdfclassbind$d        DATA
 0003:00000048 00000008H .kmdftypeinit$a         DATA
 0003:00000050 00000004H .kmdftypeinit$c         DATA
 0003:00000058 00000858H .bss                    DATA
 0004:00000000 00000034H INIT                    CODE
 0004:00000034 00000028H .idata$2                CODE
 0004:0000005c 00000014H .idata$3                CODE
 0004:00000070 0000002cH .idata$4                CODE
 0004:0000009c 000000c8H .idata$6                CODE

  Address         Publics by Value              Rva+Base     Lib:Object

 0001:00000000       _WDF_OBJECT_ATTRIBUTES_INIT@4 000102a0 f   main.obj
 0001:00000028       _WDF_FILEOBJECT_CONFIG_INIT@16 000102c8 f   main.obj
 0001:00000058       _WdfDeviceCreate@12        000102f8 f   main.obj
 0001:0000007a       _WdfDeviceCreateSymbolicLink@8 0001031a f   main.obj
 0001:00000099       _WdfDeviceCreateDeviceInterface@12 00010339 f   main.obj
 0001:000000bb       _WdfDeviceInitAssignName@8 0001035b f   main.obj
 0001:000000da       _WdfDeviceInitSetFileObjectConfig@12 0001037a f   main.obj
 0001:000000fc       _WdfDeviceInitSetIoType@8  0001039c f   main.obj
 0001:0000011b       _WdfDeviceWdmGetDeviceObject@4 000103bb f   main.obj
 0001:00000135       _WDF_DRIVER_CONFIG_INIT@8  000103d5 f   main.obj
 0001:00000156       _WdfDriverCreate@20        000103f6 f   main.obj
 0001:0000017e       _WdfRequestComplete@8      0001041e f   main.obj
 0001:0000019d       _WdfRequestCompleteWithInformation@12 0001043d f   main.obj
 0001:000001bf       _WdfRequestRetrieveOutputMemory@8 0001045f f   main.obj
 0001:000001de       _WdfRequestRetrieveInputMemory@8 0001047e f   main.obj
 0001:000001fd       _WdfRequestRetrieveInputWdmMdl@8 0001049d f   main.obj
 0001:0000021c       _WdfRequestRetrieveOutputWdmMdl@8 000104bc f   main.obj
 0001:0000023b       _WdfRequestRetrieveUnsafeUserInputBuffer@16 000104db f   main.obj
 0001:00000260       _WdfRequestRetrieveUnsafeUserOutputBuffer@16 00010500 f   main.obj
 0001:00000285       _WdfRequestProbeAndLockUserBufferForRead@16 00010525 f   main.obj
 0001:000002aa       _WdfRequestProbeAndLockUserBufferForWrite@16 0001054a f   main.obj
 0001:000002cf       _WdfRequestSetInformation@8 0001056f f   main.obj
 0001:000002ee       _WDF_IO_QUEUE_CONFIG_INIT_DEFAULT_QUEUE@8 0001058e f   main.obj
 0001:0000032a       _WdfIoQueueCreate@16       000105ca f   main.obj
 0001:0000034f       _WDF_REL_TIMEOUT_IN_MS@8   000105ef f   main.obj
 0001:0000036e       _WdfMemoryCopyFromBuffer@16 0001060e f   main.obj
 0001:00000393       _WdfMemoryCopyToBuffer@16  00010633 f   main.obj
 0001:000003b8       _WdfMemoryGetBuffer@8      00010658 f   main.obj
 0001:000003d7       _WDF_TIMER_CONFIG_INIT@8   00010677 f   main.obj
 0001:00000409       _WDF_TIMER_CONFIG_INIT_PERIODIC@12 000106a9 f   main.obj
 0001:0000043a       _WdfTimerCreate@12         000106da f   main.obj
 0001:0000045c       _WdfTimerStart@12          000106fc f   main.obj
 0001:0000047e       _WdfTimerStop@8            0001071e f   main.obj
 0001:0000049e       _OnTimer@4                 0001073e f   main.obj
 0001:0000050d       _IrpFileCreate@12          000107ad f   main.obj
 0001:0000052b       _IrpFileClose@4            000107cb f   main.obj
 0001:0000053f       _IrpIOCTL@20               000107df f   main.obj
 0001:000005d1       _AddDevice@8               00010871 f   main.obj
 0001:000006c5       _DriverEntry@8             00010965 f   main.obj
 0001:000006f0       _RtlInitUnicodeString@8    00010990 f   ntoskrnl:ntoskrnl.exe
 0001:000006f6       _RtlZeroMemory@8           00010996 f   ntoskrnl:ntoskrnl.exe
 0001:000006fc       _DbgPrint                  0001099c f   ntoskrnl:ntoskrnl.exe
 0001:00000702       ?FxStubDriverUnloadCommon@@YGXXZ 000109a2 f   wdfdriverentry:stub.obj
 0001:00000723       _FxStubDriverUnload@4      000109c3 f   wdfdriverentry:stub.obj
 0001:00000746       _FxStubDriverMiniportUnload@8 000109e6 f   wdfdriverentry:stub.obj
 0001:0000074e       _FxDriverEntryWorker@8     000109ee f   wdfdriverentry:stub.obj
 0001:0000081f       _FxDriverEntry@8           00010abf f   wdfdriverentry:stub.obj
 0001:0000082f       ?FxStubBindClasses@@YGJPAU_WDF_BIND_INFO@@@Z 00010acf f   wdfdriverentry:classbind.obj
 0001:0000088a       ?FxStubUnbindClasses@@YGXPAU_WDF_BIND_INFO@@@Z 00010b2a f   wdfdriverentry:classbind.obj
 0001:000008d6       ?FxStubInitTypes@@YGXXZ    00010b76 f   wdfdriverentry:inittypes.obj
 0001:0000090e       _WdfVersionUnbind@12       00010bae f   wdfldr:WDFLDR.SYS
 0001:00000914       _WdfVersionBind@16         00010bb4 f   wdfldr:WDFLDR.SYS
 0001:0000091a       _WdfVersionBindClass@12    00010bba f   wdfldr:WDFLDR.SYS
 0001:00000920       _WdfVersionUnbindClass@12  00010bc0 f   wdfldr:WDFLDR.SYS
 0002:00000000       __imp__WdfVersionBindClass@12 00010be0     wdfldr:WDFLDR.SYS
 0002:00000004       __imp__WdfVersionBind@16   00010be4     wdfldr:WDFLDR.SYS
 0002:00000008       __imp__WdfVersionUnbind@12 00010be8     wdfldr:WDFLDR.SYS
 0002:0000000c       __imp__WdfVersionUnbindClass@12 00010bec     wdfldr:WDFLDR.SYS
 0002:00000010       \177WDFLDR_NULL_THUNK_DATA 00010bf0     wdfldr:WDFLDR.SYS
 0002:00000014       __imp__DbgPrint            00010bf4     ntoskrnl:ntoskrnl.exe
 0002:00000018       __imp__KeTickCount         00010bf8     ntoskrnl:ntoskrnl.exe
 0002:00000018       _KeTickCount               00010bf8     ntoskrnl:ntoskrnl.exe
 0002:0000001c       __imp__RtlZeroMemory@8     00010bfc     ntoskrnl:ntoskrnl.exe
 0002:00000020       __imp__RtlInitUnicodeString@8 00010c00     ntoskrnl:ntoskrnl.exe
 0002:00000024       __imp__RtlCopyUnicodeString@8 00010c04     ntoskrnl:ntoskrnl.exe
 0002:00000028       \177ntoskrnl_NULL_THUNK_DATA 00010c08     ntoskrnl:ntoskrnl.exe
 0002:00000108       ??_C@_1BI@BJCKEEDJ@?$AAK?$AAm?$AAd?$AAf?$AAL?$AAi?$AAb?$AAr?$AAa?$AAr?$AAy?$AA?$AA@ 00010ce8     wdfdriverentry:stub.obj
 0003:0000002c       ___security_cookie         00010d2c     BufferOverflowK:gs_support.obj
 0003:00000030       ___security_cookie_complement 00010d30     BufferOverflowK:gs_support.obj
 0003:00000038       ?__KMDF_CLASS_BIND_START@@3U_MARKER_TYPE@@A 00010d38     wdfdriverentry:classbind.obj
 0003:00000040       ?__KMDF_CLASS_BIND_END@@3PAXA 00010d40     wdfdriverentry:classbind.obj
 0003:00000048       ?__KMDF_TYPE_INIT_START@@3U_MARKER_TYPE@@A 00010d48     wdfdriverentry:inittypes.obj
 0003:00000050       ?__KMDF_TYPE_INIT_END@@3PAXA 00010d50     wdfdriverentry:inittypes.obj
 0003:00000058       _WdfFunctions              00010d58     wdfdriverentry:stub.obj
 0003:00000688       _typeWDF_IFR_HEADER        00011388     wdfdriverentry:stub.obj
 0003:0000069c       _WdfDriverGlobals          0001139c     wdfdriverentry:stub.obj
 0004:00000000       ___security_init_cookie    000115c0 f   BufferOverflowK:gs_support.obj
 0004:00000034       __IMPORT_DESCRIPTOR_ntoskrnl 000115f4     ntoskrnl:ntoskrnl.exe
 0004:00000048       __IMPORT_DESCRIPTOR_WDFLDR 00011608     wdfldr:WDFLDR.SYS
 0004:0000005c       __NULL_IMPORT_DESCRIPTOR   0001161c     ntoskrnl:ntoskrnl.exe

 entry point at        0001:000006c5

 Static symbols

