 main

 Timestamp is 5869ffb1 (Mon Jan 02 15:22:25 2017)

 Preferred load address is 00010000

 Start         Length     Name                   Class
 0001:00000000 000006deH .text                   CODE
 0002:00000000 00000030H .idata$5                DATA
 0002:00000030 000000f8H .rdata                  DATA
 0003:00000000 00000428H .data                   DATA
 0003:00000428 00000008H .kmdfclassbind$a        DATA
 0003:00000430 00000004H .kmdfclassbind$c        DATA
 0003:00000434 00000004H .kmdfclassbind$d        DATA
 0003:00000438 00000008H .kmdftypeinit$a         DATA
 0003:00000440 00000004H .kmdftypeinit$c         DATA
 0003:00000448 00000858H .bss                    DATA
 0004:00000000 00000034H INIT                    CODE
 0004:00000034 00000028H .idata$2                CODE
 0004:0000005c 00000014H .idata$3                CODE
 0004:00000070 00000030H .idata$4                CODE
 0004:000000a0 000000d2H .idata$6                CODE

  Address         Publics by Value              Rva+Base     Lib:Object

 0001:00000000       _WDF_OBJECT_ATTRIBUTES_INIT@4 000102a0 f   main.obj
 0001:00000028       _WDF_FILEOBJECT_CONFIG_INIT@16 000102c8 f   main.obj
 0001:00000058       _WdfDeviceCreate@12        000102f8 f   main.obj
 0001:0000007a       _WdfDeviceCreateSymbolicLink@8 0001031a f   main.obj
 0001:00000099       _WdfDeviceCreateDeviceInterface@12 00010339 f   main.obj
 0001:000000bb       _WdfDeviceInitAssignName@8 0001035b f   main.obj
 0001:000000da       _WdfDeviceInitSetFileObjectConfig@12 0001037a f   main.obj
 0001:000000fc       _WdfDeviceInitSetIoType@8  0001039c f   main.obj
 0001:0000011b       _WDF_DRIVER_CONFIG_INIT@8  000103bb f   main.obj
 0001:0000013c       _WdfDriverCreate@20        000103dc f   main.obj
 0001:00000164       _WdfRequestComplete@8      00010404 f   main.obj
 0001:00000183       _WdfRequestCompleteWithInformation@12 00010423 f   main.obj
 0001:000001a5       _WdfRequestRetrieveOutputMemory@8 00010445 f   main.obj
 0001:000001c4       _WdfRequestRetrieveInputMemory@8 00010464 f   main.obj
 0001:000001e3       _WdfRequestRetrieveInputWdmMdl@8 00010483 f   main.obj
 0001:00000202       _WdfRequestRetrieveOutputWdmMdl@8 000104a2 f   main.obj
 0001:00000221       _WDF_IO_QUEUE_CONFIG_INIT_DEFAULT_QUEUE@8 000104c1 f   main.obj
 0001:0000025d       _WdfIoQueueCreate@16       000104fd f   main.obj
 0001:00000282       _WdfMemoryCopyFromBuffer@16 00010522 f   main.obj
 0001:000002a7       _WdfMemoryCopyToBuffer@16  00010547 f   main.obj
 0001:000002cc       _IrpFileCreate@12          0001056c f   main.obj
 0001:000002ea       _IrpFileClose@4            0001058a f   main.obj
 0001:000002fe       _IrpRead@12                0001059e f   main.obj
 0001:00000361       _IrpWrite@12               00010601 f   main.obj
 0001:000003c4       _AddDevice@8               00010664 f   main.obj
 0001:00000477       _DriverEntry@8             00010717 f   main.obj
 0001:000004a2       _RtlInitUnicodeString@8    00010742 f   ntoskrnl:ntoskrnl.exe
 0001:000004a8       _RtlZeroMemory@8           00010748 f   ntoskrnl:ntoskrnl.exe
 0001:000004ae       _memcpy                    0001074e f   ntoskrnl:ntoskrnl.exe
 0001:000004b4       _DbgPrint                  00010754 f   ntoskrnl:ntoskrnl.exe
 0001:000004ba       ?FxStubDriverUnloadCommon@@YGXXZ 0001075a f   wdfdriverentry:stub.obj
 0001:000004db       _FxStubDriverUnload@4      0001077b f   wdfdriverentry:stub.obj
 0001:000004fe       _FxStubDriverMiniportUnload@8 0001079e f   wdfdriverentry:stub.obj
 0001:00000506       _FxDriverEntryWorker@8     000107a6 f   wdfdriverentry:stub.obj
 0001:000005d7       _FxDriverEntry@8           00010877 f   wdfdriverentry:stub.obj
 0001:000005e7       ?FxStubBindClasses@@YGJPAU_WDF_BIND_INFO@@@Z 00010887 f   wdfdriverentry:classbind.obj
 0001:00000642       ?FxStubUnbindClasses@@YGXPAU_WDF_BIND_INFO@@@Z 000108e2 f   wdfdriverentry:classbind.obj
 0001:0000068e       ?FxStubInitTypes@@YGXXZ    0001092e f   wdfdriverentry:inittypes.obj
 0001:000006c6       _WdfVersionUnbind@12       00010966 f   wdfldr:WDFLDR.SYS
 0001:000006cc       _WdfVersionBind@16         0001096c f   wdfldr:WDFLDR.SYS
 0001:000006d2       _WdfVersionBindClass@12    00010972 f   wdfldr:WDFLDR.SYS
 0001:000006d8       _WdfVersionUnbindClass@12  00010978 f   wdfldr:WDFLDR.SYS
 0002:00000000       __imp__WdfVersionBindClass@12 00010980     wdfldr:WDFLDR.SYS
 0002:00000004       __imp__WdfVersionBind@16   00010984     wdfldr:WDFLDR.SYS
 0002:00000008       __imp__WdfVersionUnbind@12 00010988     wdfldr:WDFLDR.SYS
 0002:0000000c       __imp__WdfVersionUnbindClass@12 0001098c     wdfldr:WDFLDR.SYS
 0002:00000010       \177WDFLDR_NULL_THUNK_DATA 00010990     wdfldr:WDFLDR.SYS
 0002:00000014       __imp__KeTickCount         00010994     ntoskrnl:ntoskrnl.exe
 0002:00000014       _KeTickCount               00010994     ntoskrnl:ntoskrnl.exe
 0002:00000018       __imp__DbgPrint            00010998     ntoskrnl:ntoskrnl.exe
 0002:0000001c       __imp__memcpy              0001099c     ntoskrnl:ntoskrnl.exe
 0002:00000020       __imp__RtlZeroMemory@8     000109a0     ntoskrnl:ntoskrnl.exe
 0002:00000024       __imp__RtlCopyUnicodeString@8 000109a4     ntoskrnl:ntoskrnl.exe
 0002:00000028       __imp__RtlInitUnicodeString@8 000109a8     ntoskrnl:ntoskrnl.exe
 0002:0000002c       \177ntoskrnl_NULL_THUNK_DATA 000109ac     ntoskrnl:ntoskrnl.exe
 0002:00000110       ??_C@_1BI@BJCKEEDJ@?$AAK?$AAm?$AAd?$AAf?$AAL?$AAi?$AAb?$AAr?$AAa?$AAr?$AAy?$AA?$AA@ 00010a90     wdfdriverentry:stub.obj
 0003:00000420       ___security_cookie         00010ee0     BufferOverflowK:gs_support.obj
 0003:00000424       ___security_cookie_complement 00010ee4     BufferOverflowK:gs_support.obj
 0003:00000428       ?__KMDF_CLASS_BIND_START@@3U_MARKER_TYPE@@A 00010ee8     wdfdriverentry:classbind.obj
 0003:00000430       ?__KMDF_CLASS_BIND_END@@3PAXA 00010ef0     wdfdriverentry:classbind.obj
 0003:00000438       ?__KMDF_TYPE_INIT_START@@3U_MARKER_TYPE@@A 00010ef8     wdfdriverentry:inittypes.obj
 0003:00000440       ?__KMDF_TYPE_INIT_END@@3PAXA 00010f00     wdfdriverentry:inittypes.obj
 0003:00000448       _WdfFunctions              00010f08     wdfdriverentry:stub.obj
 0003:00000a78       _typeWDF_IFR_HEADER        00011538     wdfdriverentry:stub.obj
 0003:00000a8c       _WdfDriverGlobals          0001154c     wdfdriverentry:stub.obj
 0004:00000000       ___security_init_cookie    00011760 f   BufferOverflowK:gs_support.obj
 0004:00000034       __IMPORT_DESCRIPTOR_ntoskrnl 00011794     ntoskrnl:ntoskrnl.exe
 0004:00000048       __IMPORT_DESCRIPTOR_WDFLDR 000117a8     wdfldr:WDFLDR.SYS
 0004:0000005c       __NULL_IMPORT_DESCRIPTOR   000117bc     ntoskrnl:ntoskrnl.exe

 entry point at        0001:00000477

 Static symbols

