 main

 Timestamp is 586b1d46 (Tue Jan 03 11:40:54 2017)

 Preferred load address is 00010000

 Start         Length     Name                   Class
 0001:00000000 000007e6H .text                   CODE
 0002:00000000 00000034H .idata$5                DATA
 0002:00000034 00000114H .rdata                  DATA
 0003:00000000 00000428H .data                   DATA
 0003:00000428 00000008H .kmdfclassbind$a        DATA
 0003:00000430 00000004H .kmdfclassbind$c        DATA
 0003:00000434 00000004H .kmdfclassbind$d        DATA
 0003:00000438 00000008H .kmdftypeinit$a         DATA
 0003:00000440 00000004H .kmdftypeinit$c         DATA
 0003:00000448 00000858H .bss                    DATA
 0004:00000000 00000034H INIT                    CODE
 0004:00000034 00000028H .idata$2                CODE
 0004:0000005c 00000014H .idata$3                CODE
 0004:00000070 00000034H .idata$4                CODE
 0004:000000a4 000000e6H .idata$6                CODE

  Address         Publics by Value              Rva+Base     Lib:Object

 0001:00000000       _WDF_OBJECT_ATTRIBUTES_INIT@4 000102a0 f   main.obj
 0001:00000028       _WDF_FILEOBJECT_CONFIG_INIT@16 000102c8 f   main.obj
 0001:00000058       _WdfDeviceCreate@12        000102f8 f   main.obj
 0001:0000007a       _WdfDeviceCreateSymbolicLink@8 0001031a f   main.obj
 0001:00000099       _WdfDeviceCreateDeviceInterface@12 00010339 f   main.obj
 0001:000000bb       _WdfDeviceInitAssignName@8 0001035b f   main.obj
 0001:000000da       _WdfDeviceInitSetFileObjectConfig@12 0001037a f   main.obj
 0001:000000fc       _WdfDeviceInitSetIoType@8  0001039c f   main.obj
 0001:0000011b       _WDF_DRIVER_CONFIG_INIT@8  000103bb f   main.obj
 0001:0000013c       _WdfDriverCreate@20        000103dc f   main.obj
 0001:00000164       _WdfRequestComplete@8      00010404 f   main.obj
 0001:00000183       _WdfRequestCompleteWithInformation@12 00010423 f   main.obj
 0001:000001a5       _WdfRequestRetrieveOutputMemory@8 00010445 f   main.obj
 0001:000001c4       _WdfRequestRetrieveInputMemory@8 00010464 f   main.obj
 0001:000001e3       _WdfRequestRetrieveInputWdmMdl@8 00010483 f   main.obj
 0001:00000202       _WdfRequestRetrieveOutputWdmMdl@8 000104a2 f   main.obj
 0001:00000221       _WdfRequestRetrieveUnsafeUserInputBuffer@16 000104c1 f   main.obj
 0001:00000246       _WdfRequestRetrieveUnsafeUserOutputBuffer@16 000104e6 f   main.obj
 0001:0000026b       _WdfRequestProbeAndLockUserBufferForRead@16 0001050b f   main.obj
 0001:00000290       _WdfRequestProbeAndLockUserBufferForWrite@16 00010530 f   main.obj
 0001:000002b5       _WdfRequestSetInformation@8 00010555 f   main.obj
 0001:000002d4       _WDF_IO_QUEUE_CONFIG_INIT_DEFAULT_QUEUE@8 00010574 f   main.obj
 0001:00000310       _WdfIoQueueCreate@16       000105b0 f   main.obj
 0001:00000335       _WdfMemoryCopyFromBuffer@16 000105d5 f   main.obj
 0001:0000035a       _WdfMemoryCopyToBuffer@16  000105fa f   main.obj
 0001:0000037f       _WdfMemoryGetBuffer@8      0001061f f   main.obj
 0001:0000039e       _IrpFileCreate@12          0001063e f   main.obj
 0001:000003bc       _IrpFileClose@4            0001065c f   main.obj
 0001:000003d0       _IrpIOCTL@20               00010670 f   main.obj
 0001:000004cd       _AddDevice@8               0001076d f   main.obj
 0001:00000579       _DriverEntry@8             00010819 f   main.obj
 0001:000005a4       _MmMapLockedPages@8        00010844 f   ntoskrnl:ntoskrnl.exe
 0001:000005aa       _RtlInitUnicodeString@8    0001084a f   ntoskrnl:ntoskrnl.exe
 0001:000005b0       _RtlZeroMemory@8           00010850 f   ntoskrnl:ntoskrnl.exe
 0001:000005b6       _memcpy                    00010856 f   ntoskrnl:ntoskrnl.exe
 0001:000005bc       _DbgPrint                  0001085c f   ntoskrnl:ntoskrnl.exe
 0001:000005c2       ?FxStubDriverUnloadCommon@@YGXXZ 00010862 f   wdfdriverentry:stub.obj
 0001:000005e3       _FxStubDriverUnload@4      00010883 f   wdfdriverentry:stub.obj
 0001:00000606       _FxStubDriverMiniportUnload@8 000108a6 f   wdfdriverentry:stub.obj
 0001:0000060e       _FxDriverEntryWorker@8     000108ae f   wdfdriverentry:stub.obj
 0001:000006df       _FxDriverEntry@8           0001097f f   wdfdriverentry:stub.obj
 0001:000006ef       ?FxStubBindClasses@@YGJPAU_WDF_BIND_INFO@@@Z 0001098f f   wdfdriverentry:classbind.obj
 0001:0000074a       ?FxStubUnbindClasses@@YGXPAU_WDF_BIND_INFO@@@Z 000109ea f   wdfdriverentry:classbind.obj
 0001:00000796       ?FxStubInitTypes@@YGXXZ    00010a36 f   wdfdriverentry:inittypes.obj
 0001:000007ce       _WdfVersionUnbind@12       00010a6e f   wdfldr:WDFLDR.SYS
 0001:000007d4       _WdfVersionBind@16         00010a74 f   wdfldr:WDFLDR.SYS
 0001:000007da       _WdfVersionBindClass@12    00010a7a f   wdfldr:WDFLDR.SYS
 0001:000007e0       _WdfVersionUnbindClass@12  00010a80 f   wdfldr:WDFLDR.SYS
 0002:00000000       __imp__WdfVersionBindClass@12 00010aa0     wdfldr:WDFLDR.SYS
 0002:00000004       __imp__WdfVersionBind@16   00010aa4     wdfldr:WDFLDR.SYS
 0002:00000008       __imp__WdfVersionUnbind@12 00010aa8     wdfldr:WDFLDR.SYS
 0002:0000000c       __imp__WdfVersionUnbindClass@12 00010aac     wdfldr:WDFLDR.SYS
 0002:00000010       \177WDFLDR_NULL_THUNK_DATA 00010ab0     wdfldr:WDFLDR.SYS
 0002:00000014       __imp__memcpy              00010ab4     ntoskrnl:ntoskrnl.exe
 0002:00000018       __imp__DbgPrint            00010ab8     ntoskrnl:ntoskrnl.exe
 0002:0000001c       __imp__RtlZeroMemory@8     00010abc     ntoskrnl:ntoskrnl.exe
 0002:00000020       __imp__RtlCopyUnicodeString@8 00010ac0     ntoskrnl:ntoskrnl.exe
 0002:00000024       _KeTickCount               00010ac4     ntoskrnl:ntoskrnl.exe
 0002:00000024       __imp__KeTickCount         00010ac4     ntoskrnl:ntoskrnl.exe
 0002:00000028       __imp__RtlInitUnicodeString@8 00010ac8     ntoskrnl:ntoskrnl.exe
 0002:0000002c       __imp__MmMapLockedPages@8  00010acc     ntoskrnl:ntoskrnl.exe
 0002:00000030       \177ntoskrnl_NULL_THUNK_DATA 00010ad0     ntoskrnl:ntoskrnl.exe
 0002:00000130       ??_C@_1BI@BJCKEEDJ@?$AAK?$AAm?$AAd?$AAf?$AAL?$AAi?$AAb?$AAr?$AAa?$AAr?$AAy?$AA?$AA@ 00010bd0     wdfdriverentry:stub.obj
 0003:00000420       ___security_cookie         00011020     BufferOverflowK:gs_support.obj
 0003:00000424       ___security_cookie_complement 00011024     BufferOverflowK:gs_support.obj
 0003:00000428       ?__KMDF_CLASS_BIND_START@@3U_MARKER_TYPE@@A 00011028     wdfdriverentry:classbind.obj
 0003:00000430       ?__KMDF_CLASS_BIND_END@@3PAXA 00011030     wdfdriverentry:classbind.obj
 0003:00000438       ?__KMDF_TYPE_INIT_START@@3U_MARKER_TYPE@@A 00011038     wdfdriverentry:inittypes.obj
 0003:00000440       ?__KMDF_TYPE_INIT_END@@3PAXA 00011040     wdfdriverentry:inittypes.obj
 0003:00000448       _WdfFunctions              00011048     wdfdriverentry:stub.obj
 0003:00000a78       _typeWDF_IFR_HEADER        00011678     wdfdriverentry:stub.obj
 0003:00000a8c       _WdfDriverGlobals          0001168c     wdfdriverentry:stub.obj
 0004:00000000       ___security_init_cookie    000118a0 f   BufferOverflowK:gs_support.obj
 0004:00000034       __IMPORT_DESCRIPTOR_ntoskrnl 000118d4     ntoskrnl:ntoskrnl.exe
 0004:00000048       __IMPORT_DESCRIPTOR_WDFLDR 000118e8     wdfldr:WDFLDR.SYS
 0004:0000005c       __NULL_IMPORT_DESCRIPTOR   000118fc     ntoskrnl:ntoskrnl.exe

 entry point at        0001:00000579

 Static symbols

