 main

 Timestamp is 586c5faf (Wed Jan 04 10:36:31 2017)

 Preferred load address is 00010000

 Start         Length     Name                   Class
 0001:00000000 00000848H .text                   CODE
 0002:00000000 0000004cH .idata$5                DATA
 0002:0000004c 00000100H .rdata                  DATA
 0003:00000000 00000030H .data                   DATA
 0003:00000030 00000008H .kmdfclassbind$a        DATA
 0003:00000038 00000004H .kmdfclassbind$c        DATA
 0003:0000003c 00000004H .kmdfclassbind$d        DATA
 0003:00000040 00000008H .kmdftypeinit$a         DATA
 0003:00000048 00000004H .kmdftypeinit$c         DATA
 0003:00000050 00000858H .bss                    DATA
 0004:00000000 00000034H INIT                    CODE
 0004:00000034 00000028H .idata$2                CODE
 0004:0000005c 00000014H .idata$3                CODE
 0004:00000070 0000004cH .idata$4                CODE
 0004:000000bc 0000017eH .idata$6                CODE

  Address         Publics by Value              Rva+Base     Lib:Object

 0001:00000000       _WDF_OBJECT_ATTRIBUTES_INIT@4 000102a0 f   main.obj
 0001:00000028       _WDF_FILEOBJECT_CONFIG_INIT@16 000102c8 f   main.obj
 0001:00000058       _WdfDeviceCreate@12        000102f8 f   main.obj
 0001:0000007a       _WdfDeviceCreateSymbolicLink@8 0001031a f   main.obj
 0001:00000099       _WdfDeviceCreateDeviceInterface@12 00010339 f   main.obj
 0001:000000bb       _WdfDeviceInitAssignName@8 0001035b f   main.obj
 0001:000000da       _WdfDeviceInitSetFileObjectConfig@12 0001037a f   main.obj
 0001:000000fc       _WdfDeviceInitSetIoType@8  0001039c f   main.obj
 0001:0000011b       _WDF_DRIVER_CONFIG_INIT@8  000103bb f   main.obj
 0001:0000013c       _WdfDriverCreate@20        000103dc f   main.obj
 0001:00000164       _WdfRequestComplete@8      00010404 f   main.obj
 0001:00000183       _WdfRequestCompleteWithInformation@12 00010423 f   main.obj
 0001:000001a5       _WdfRequestRetrieveOutputMemory@8 00010445 f   main.obj
 0001:000001c4       _WdfRequestRetrieveInputMemory@8 00010464 f   main.obj
 0001:000001e3       _WdfRequestRetrieveInputWdmMdl@8 00010483 f   main.obj
 0001:00000202       _WdfRequestRetrieveOutputWdmMdl@8 000104a2 f   main.obj
 0001:00000221       _WdfRequestRetrieveUnsafeUserInputBuffer@16 000104c1 f   main.obj
 0001:00000246       _WdfRequestRetrieveUnsafeUserOutputBuffer@16 000104e6 f   main.obj
 0001:0000026b       _WdfRequestProbeAndLockUserBufferForRead@16 0001050b f   main.obj
 0001:00000290       _WdfRequestProbeAndLockUserBufferForWrite@16 00010530 f   main.obj
 0001:000002b5       _WdfRequestSetInformation@8 00010555 f   main.obj
 0001:000002d4       _WDF_IO_QUEUE_CONFIG_INIT_DEFAULT_QUEUE@8 00010574 f   main.obj
 0001:00000310       _WdfIoQueueCreate@16       000105b0 f   main.obj
 0001:00000335       _WdfMemoryCopyFromBuffer@16 000105d5 f   main.obj
 0001:0000035a       _WdfMemoryCopyToBuffer@16  000105fa f   main.obj
 0001:0000037f       _WdfMemoryGetBuffer@8      0001061f f   main.obj
 0001:0000039e       _ThreadRoutine@4           0001063e f   main.obj
 0001:0000041c       _IrpFileCreate@12          000106bc f   main.obj
 0001:0000043a       _IrpFileClose@4            000106da f   main.obj
 0001:0000044e       _IrpIOCTL@20               000106ee f   main.obj
 0001:0000050a       _AddDevice@8               000107aa f   main.obj
 0001:000005b6       _DriverEntry@8             00010856 f   main.obj
 0001:000005e2       _IoGetCurrentProcess@0     00010882 f   ntoskrnl:ntoskrnl.exe
 0001:000005e8       _KeDelayExecutionThread@12 00010888 f   ntoskrnl:ntoskrnl.exe
 0001:000005ee       _KeWaitForSingleObject@20  0001088e f   ntoskrnl:ntoskrnl.exe
 0001:000005f4       _ObDereferenceObject@4     00010894 f   ntoskrnl:ntoskrnl.exe
 0001:000005fa       _ObReferenceObjectByHandle@24 0001089a f   ntoskrnl:ntoskrnl.exe
 0001:00000600       _PsCreateSystemThread@28   000108a0 f   ntoskrnl:ntoskrnl.exe
 0001:00000606       _PsTerminateSystemThread@4 000108a6 f   ntoskrnl:ntoskrnl.exe
 0001:0000060c       _RtlInitUnicodeString@8    000108ac f   ntoskrnl:ntoskrnl.exe
 0001:00000612       _RtlZeroMemory@8           000108b2 f   ntoskrnl:ntoskrnl.exe
 0001:00000618       _ZwClose@4                 000108b8 f   ntoskrnl:ntoskrnl.exe
 0001:0000061e       _DbgPrint                  000108be f   ntoskrnl:ntoskrnl.exe
 0001:00000624       ?FxStubDriverUnloadCommon@@YGXXZ 000108c4 f   wdfdriverentry:stub.obj
 0001:00000645       _FxStubDriverUnload@4      000108e5 f   wdfdriverentry:stub.obj
 0001:00000668       _FxStubDriverMiniportUnload@8 00010908 f   wdfdriverentry:stub.obj
 0001:00000670       _FxDriverEntryWorker@8     00010910 f   wdfdriverentry:stub.obj
 0001:00000741       _FxDriverEntry@8           000109e1 f   wdfdriverentry:stub.obj
 0001:00000751       ?FxStubBindClasses@@YGJPAU_WDF_BIND_INFO@@@Z 000109f1 f   wdfdriverentry:classbind.obj
 0001:000007ac       ?FxStubUnbindClasses@@YGXPAU_WDF_BIND_INFO@@@Z 00010a4c f   wdfdriverentry:classbind.obj
 0001:000007f8       ?FxStubInitTypes@@YGXXZ    00010a98 f   wdfdriverentry:inittypes.obj
 0001:00000830       _WdfVersionUnbind@12       00010ad0 f   wdfldr:WDFLDR.SYS
 0001:00000836       _WdfVersionBind@16         00010ad6 f   wdfldr:WDFLDR.SYS
 0001:0000083c       _WdfVersionBindClass@12    00010adc f   wdfldr:WDFLDR.SYS
 0001:00000842       _WdfVersionUnbindClass@12  00010ae2 f   wdfldr:WDFLDR.SYS
 0002:00000000       __imp__WdfVersionBindClass@12 00010b00     wdfldr:WDFLDR.SYS
 0002:00000004       __imp__WdfVersionBind@16   00010b04     wdfldr:WDFLDR.SYS
 0002:00000008       __imp__WdfVersionUnbind@12 00010b08     wdfldr:WDFLDR.SYS
 0002:0000000c       __imp__WdfVersionUnbindClass@12 00010b0c     wdfldr:WDFLDR.SYS
 0002:00000010       \177WDFLDR_NULL_THUNK_DATA 00010b10     wdfldr:WDFLDR.SYS
 0002:00000014       __imp__PsCreateSystemThread@28 00010b14     ntoskrnl:ntoskrnl.exe
 0002:00000018       __imp__PsTerminateSystemThread@4 00010b18     ntoskrnl:ntoskrnl.exe
 0002:0000001c       __imp__RtlInitUnicodeString@8 00010b1c     ntoskrnl:ntoskrnl.exe
 0002:00000020       __imp__ObReferenceObjectByHandle@24 00010b20     ntoskrnl:ntoskrnl.exe
 0002:00000024       __imp__ZwClose@4           00010b24     ntoskrnl:ntoskrnl.exe
 0002:00000028       __imp__DbgPrint            00010b28     ntoskrnl:ntoskrnl.exe
 0002:0000002c       __imp__RtlCopyUnicodeString@8 00010b2c     ntoskrnl:ntoskrnl.exe
 0002:00000030       __imp__KeTickCount         00010b30     ntoskrnl:ntoskrnl.exe
 0002:00000030       _KeTickCount               00010b30     ntoskrnl:ntoskrnl.exe
 0002:00000034       __imp__ObDereferenceObject@4 00010b34     ntoskrnl:ntoskrnl.exe
 0002:00000038       __imp__KeWaitForSingleObject@20 00010b38     ntoskrnl:ntoskrnl.exe
 0002:0000003c       __imp__KeDelayExecutionThread@12 00010b3c     ntoskrnl:ntoskrnl.exe
 0002:00000040       __imp__RtlZeroMemory@8     00010b40     ntoskrnl:ntoskrnl.exe
 0002:00000044       __imp__IoGetCurrentProcess@0 00010b44     ntoskrnl:ntoskrnl.exe
 0002:00000048       \177ntoskrnl_NULL_THUNK_DATA 00010b48     ntoskrnl:ntoskrnl.exe
 0002:00000134       ??_C@_1BI@BJCKEEDJ@?$AAK?$AAm?$AAd?$AAf?$AAL?$AAi?$AAb?$AAr?$AAa?$AAr?$AAy?$AA?$AA@ 00010c34     wdfdriverentry:stub.obj
 0003:00000028       ___security_cookie         00010c88     BufferOverflowK:gs_support.obj
 0003:0000002c       ___security_cookie_complement 00010c8c     BufferOverflowK:gs_support.obj
 0003:00000030       ?__KMDF_CLASS_BIND_START@@3U_MARKER_TYPE@@A 00010c90     wdfdriverentry:classbind.obj
 0003:00000038       ?__KMDF_CLASS_BIND_END@@3PAXA 00010c98     wdfdriverentry:classbind.obj
 0003:00000040       ?__KMDF_TYPE_INIT_START@@3U_MARKER_TYPE@@A 00010ca0     wdfdriverentry:inittypes.obj
 0003:00000048       ?__KMDF_TYPE_INIT_END@@3PAXA 00010ca8     wdfdriverentry:inittypes.obj
 0003:00000050       _WdfFunctions              00010cb0     wdfdriverentry:stub.obj
 0003:00000680       _typeWDF_IFR_HEADER        000112e0     wdfdriverentry:stub.obj
 0003:00000694       _WdfDriverGlobals          000112f4     wdfdriverentry:stub.obj
 0004:00000000       ___security_init_cookie    00011520 f   BufferOverflowK:gs_support.obj
 0004:00000034       __IMPORT_DESCRIPTOR_ntoskrnl 00011554     ntoskrnl:ntoskrnl.exe
 0004:00000048       __IMPORT_DESCRIPTOR_WDFLDR 00011568     wdfldr:WDFLDR.SYS
 0004:0000005c       __NULL_IMPORT_DESCRIPTOR   0001157c     ntoskrnl:ntoskrnl.exe

 entry point at        0001:000005b6

 Static symbols

