 main

 Timestamp is 5869e0e2 (Mon Jan 02 13:10:58 2017)

 Preferred load address is 00010000

 Start         Length     Name                   Class
 0001:00000000 00000682H .text                   CODE
 0002:00000000 0000002cH .idata$5                DATA
 0002:0000002c 000000e4H .rdata                  DATA
 0003:00000000 00000428H .data                   DATA
 0003:00000428 00000008H .kmdfclassbind$a        DATA
 0003:00000430 00000004H .kmdfclassbind$c        DATA
 0003:00000434 00000004H .kmdfclassbind$d        DATA
 0003:00000438 00000008H .kmdftypeinit$a         DATA
 0003:00000440 00000004H .kmdftypeinit$c         DATA
 0003:00000448 00000858H .bss                    DATA
 0004:00000000 00000034H INIT                    CODE
 0004:00000034 00000028H .idata$2                CODE
 0004:0000005c 00000014H .idata$3                CODE
 0004:00000070 0000002cH .idata$4                CODE
 0004:0000009c 000000c8H .idata$6                CODE

  Address         Publics by Value              Rva+Base     Lib:Object

 0001:00000000       _WDF_OBJECT_ATTRIBUTES_INIT@4 000102a0 f   main.obj
 0001:00000028       _WDF_FILEOBJECT_CONFIG_INIT@16 000102c8 f   main.obj
 0001:00000058       _WdfDeviceCreate@12        000102f8 f   main.obj
 0001:0000007a       _WdfDeviceCreateSymbolicLink@8 0001031a f   main.obj
 0001:00000099       _WdfDeviceCreateDeviceInterface@12 00010339 f   main.obj
 0001:000000bb       _WdfDeviceInitAssignName@8 0001035b f   main.obj
 0001:000000da       _WdfDeviceInitSetFileObjectConfig@12 0001037a f   main.obj
 0001:000000fc       _WdfDeviceInitSetIoType@8  0001039c f   main.obj
 0001:0000011b       _WDF_DRIVER_CONFIG_INIT@8  000103bb f   main.obj
 0001:0000013c       _WdfDriverCreate@20        000103dc f   main.obj
 0001:00000164       _WdfRequestComplete@8      00010404 f   main.obj
 0001:00000183       _WdfRequestCompleteWithInformation@12 00010423 f   main.obj
 0001:000001a5       _WdfRequestRetrieveOutputMemory@8 00010445 f   main.obj
 0001:000001c4       _WdfRequestRetrieveInputMemory@8 00010464 f   main.obj
 0001:000001e3       _WDF_IO_QUEUE_CONFIG_INIT_DEFAULT_QUEUE@8 00010483 f   main.obj
 0001:0000021f       _WdfIoQueueCreate@16       000104bf f   main.obj
 0001:00000244       _WdfMemoryCopyFromBuffer@16 000104e4 f   main.obj
 0001:00000269       _WdfMemoryCopyToBuffer@16  00010509 f   main.obj
 0001:0000028e       _IrpFileCreate@12          0001052e f   main.obj
 0001:000002ac       _IrpFileClose@4            0001054c f   main.obj
 0001:000002c0       _IrpRead@12                00010560 f   main.obj
 0001:00000317       _IrpWrite@12               000105b7 f   main.obj
 0001:0000036e       _AddDevice@8               0001060e f   main.obj
 0001:00000421       _DriverEntry@8             000106c1 f   main.obj
 0001:0000044c       _RtlInitUnicodeString@8    000106ec f   ntoskrnl:ntoskrnl.exe
 0001:00000452       _RtlZeroMemory@8           000106f2 f   ntoskrnl:ntoskrnl.exe
 0001:00000458       _DbgPrint                  000106f8 f   ntoskrnl:ntoskrnl.exe
 0001:0000045e       ?FxStubDriverUnloadCommon@@YGXXZ 000106fe f   wdfdriverentry:stub.obj
 0001:0000047f       _FxStubDriverUnload@4      0001071f f   wdfdriverentry:stub.obj
 0001:000004a2       _FxStubDriverMiniportUnload@8 00010742 f   wdfdriverentry:stub.obj
 0001:000004aa       _FxDriverEntryWorker@8     0001074a f   wdfdriverentry:stub.obj
 0001:0000057b       _FxDriverEntry@8           0001081b f   wdfdriverentry:stub.obj
 0001:0000058b       ?FxStubBindClasses@@YGJPAU_WDF_BIND_INFO@@@Z 0001082b f   wdfdriverentry:classbind.obj
 0001:000005e6       ?FxStubUnbindClasses@@YGXPAU_WDF_BIND_INFO@@@Z 00010886 f   wdfdriverentry:classbind.obj
 0001:00000632       ?FxStubInitTypes@@YGXXZ    000108d2 f   wdfdriverentry:inittypes.obj
 0001:0000066a       _WdfVersionUnbind@12       0001090a f   wdfldr:WDFLDR.SYS
 0001:00000670       _WdfVersionBind@16         00010910 f   wdfldr:WDFLDR.SYS
 0001:00000676       _WdfVersionBindClass@12    00010916 f   wdfldr:WDFLDR.SYS
 0001:0000067c       _WdfVersionUnbindClass@12  0001091c f   wdfldr:WDFLDR.SYS
 0002:00000000       __imp__WdfVersionBindClass@12 00010940     wdfldr:WDFLDR.SYS
 0002:00000004       __imp__WdfVersionBind@16   00010944     wdfldr:WDFLDR.SYS
 0002:00000008       __imp__WdfVersionUnbind@12 00010948     wdfldr:WDFLDR.SYS
 0002:0000000c       __imp__WdfVersionUnbindClass@12 0001094c     wdfldr:WDFLDR.SYS
 0002:00000010       \177WDFLDR_NULL_THUNK_DATA 00010950     wdfldr:WDFLDR.SYS
 0002:00000014       __imp__DbgPrint            00010954     ntoskrnl:ntoskrnl.exe
 0002:00000018       __imp__RtlZeroMemory@8     00010958     ntoskrnl:ntoskrnl.exe
 0002:0000001c       __imp__KeTickCount         0001095c     ntoskrnl:ntoskrnl.exe
 0002:0000001c       _KeTickCount               0001095c     ntoskrnl:ntoskrnl.exe
 0002:00000020       __imp__RtlCopyUnicodeString@8 00010960     ntoskrnl:ntoskrnl.exe
 0002:00000024       __imp__RtlInitUnicodeString@8 00010964     ntoskrnl:ntoskrnl.exe
 0002:00000028       \177ntoskrnl_NULL_THUNK_DATA 00010968     ntoskrnl:ntoskrnl.exe
 0002:000000f8       ??_C@_1BI@BJCKEEDJ@?$AAK?$AAm?$AAd?$AAf?$AAL?$AAi?$AAb?$AAr?$AAa?$AAr?$AAy?$AA?$AA@ 00010a38     wdfdriverentry:stub.obj
 0003:00000420       ___security_cookie         00010e80     BufferOverflowK:gs_support.obj
 0003:00000424       ___security_cookie_complement 00010e84     BufferOverflowK:gs_support.obj
 0003:00000428       ?__KMDF_CLASS_BIND_START@@3U_MARKER_TYPE@@A 00010e88     wdfdriverentry:classbind.obj
 0003:00000430       ?__KMDF_CLASS_BIND_END@@3PAXA 00010e90     wdfdriverentry:classbind.obj
 0003:00000438       ?__KMDF_TYPE_INIT_START@@3U_MARKER_TYPE@@A 00010e98     wdfdriverentry:inittypes.obj
 0003:00000440       ?__KMDF_TYPE_INIT_END@@3PAXA 00010ea0     wdfdriverentry:inittypes.obj
 0003:00000448       _WdfFunctions              00010ea8     wdfdriverentry:stub.obj
 0003:00000a78       _typeWDF_IFR_HEADER        000114d8     wdfdriverentry:stub.obj
 0003:00000a8c       _WdfDriverGlobals          000114ec     wdfdriverentry:stub.obj
 0004:00000000       ___security_init_cookie    00011700 f   BufferOverflowK:gs_support.obj
 0004:00000034       __IMPORT_DESCRIPTOR_ntoskrnl 00011734     ntoskrnl:ntoskrnl.exe
 0004:00000048       __IMPORT_DESCRIPTOR_WDFLDR 00011748     wdfldr:WDFLDR.SYS
 0004:0000005c       __NULL_IMPORT_DESCRIPTOR   0001175c     ntoskrnl:ntoskrnl.exe

 entry point at        0001:00000421

 Static symbols

