 main

 Timestamp is 586e201e (Thu Jan 05 18:29:50 2017)

 Preferred load address is 00010000

 Start         Length     Name                   Class
 0001:00000000 00000982H .text                   CODE
 0002:00000000 0000002cH .idata$5                DATA
 0002:0000002c 000000f8H .rdata                  DATA
 0003:00000000 00000034H .data                   DATA
 0003:00000038 00000008H .kmdfclassbind$a        DATA
 0003:00000040 00000004H .kmdfclassbind$c        DATA
 0003:00000044 00000004H .kmdfclassbind$d        DATA
 0003:00000048 00000008H .kmdftypeinit$a         DATA
 0003:00000050 00000004H .kmdftypeinit$c         DATA
 0003:00000058 00000858H .bss                    DATA
 0004:00000000 00000034H INIT                    CODE
 0004:00000034 00000028H .idata$2                CODE
 0004:0000005c 00000014H .idata$3                CODE
 0004:00000070 0000002cH .idata$4                CODE
 0004:0000009c 000000c8H .idata$6                CODE

  Address         Publics by Value              Rva+Base     Lib:Object

 0001:00000000       _WDF_OBJECT_ATTRIBUTES_INIT@4 000102a0 f   main.obj
 0001:00000028       _WDF_FILEOBJECT_CONFIG_INIT@16 000102c8 f   main.obj
 0001:00000058       _WdfDeviceCreate@12        000102f8 f   main.obj
 0001:0000007a       _WdfDeviceCreateSymbolicLink@8 0001031a f   main.obj
 0001:00000099       _WdfDeviceCreateDeviceInterface@12 00010339 f   main.obj
 0001:000000bb       _WdfDeviceInitAssignName@8 0001035b f   main.obj
 0001:000000da       _WdfDeviceInitSetFileObjectConfig@12 0001037a f   main.obj
 0001:000000fc       _WdfDeviceInitSetIoType@8  0001039c f   main.obj
 0001:0000011b       _WdfDeviceWdmGetDeviceObject@4 000103bb f   main.obj
 0001:00000135       _WDF_DRIVER_CONFIG_INIT@8  000103d5 f   main.obj
 0001:00000156       _WdfDriverCreate@20        000103f6 f   main.obj
 0001:0000017e       _WdfRequestComplete@8      0001041e f   main.obj
 0001:0000019d       _WdfRequestCompleteWithInformation@12 0001043d f   main.obj
 0001:000001bf       _WdfRequestRetrieveOutputMemory@8 0001045f f   main.obj
 0001:000001de       _WdfRequestRetrieveInputMemory@8 0001047e f   main.obj
 0001:000001fd       _WdfRequestRetrieveInputWdmMdl@8 0001049d f   main.obj
 0001:0000021c       _WdfRequestRetrieveOutputWdmMdl@8 000104bc f   main.obj
 0001:0000023b       _WdfRequestRetrieveUnsafeUserInputBuffer@16 000104db f   main.obj
 0001:00000260       _WdfRequestRetrieveUnsafeUserOutputBuffer@16 00010500 f   main.obj
 0001:00000285       _WdfRequestProbeAndLockUserBufferForRead@16 00010525 f   main.obj
 0001:000002aa       _WdfRequestProbeAndLockUserBufferForWrite@16 0001054a f   main.obj
 0001:000002cf       _WdfRequestSetInformation@8 0001056f f   main.obj
 0001:000002ee       _WdfRequestForwardToIoQueue@8 0001058e f   main.obj
 0001:0000030d       _WdfRequestRequeue@4       000105ad f   main.obj
 0001:00000329       _WdfRequestMarkCancelable@8 000105c9 f   main.obj
 0001:00000348       _WDF_IO_QUEUE_CONFIG_INIT_DEFAULT_QUEUE@8 000105e8 f   main.obj
 0001:00000384       _WdfIoQueueCreate@16       00010624 f   main.obj
 0001:000003a9       _WdfIoQueueRetrieveNextRequest@8 00010649 f   main.obj
 0001:000003c8       _WDF_REL_TIMEOUT_IN_MS@8   00010668 f   main.obj
 0001:000003e7       _WdfMemoryCopyFromBuffer@16 00010687 f   main.obj
 0001:0000040c       _WdfMemoryCopyToBuffer@16  000106ac f   main.obj
 0001:00000431       _WdfMemoryGetBuffer@8      000106d1 f   main.obj
 0001:00000450       _WDF_TIMER_CONFIG_INIT@8   000106f0 f   main.obj
 0001:00000482       _WDF_TIMER_CONFIG_INIT_PERIODIC@12 00010722 f   main.obj
 0001:000004b3       _WdfTimerCreate@12         00010753 f   main.obj
 0001:000004d5       _WdfTimerStart@12          00010775 f   main.obj
 0001:000004f7       _WdfTimerStop@8            00010797 f   main.obj
 0001:00000517       _OnTimer@4                 000107b7 f   main.obj
 0001:0000055e       _IrpFileCreate@12          000107fe f   main.obj
 0001:0000057c       _IrpFileClose@4            0001081c f   main.obj
 0001:00000590       _IrpIOCTL@20               00010830 f   main.obj
 0001:000005ca       _AddDevice@8               0001086a f   main.obj
 0001:00000721       _DriverEntry@8             000109c1 f   main.obj
 0001:0000074c       _RtlInitUnicodeString@8    000109ec f   ntoskrnl:ntoskrnl.exe
 0001:00000752       _RtlZeroMemory@8           000109f2 f   ntoskrnl:ntoskrnl.exe
 0001:00000758       _DbgPrint                  000109f8 f   ntoskrnl:ntoskrnl.exe
 0001:0000075e       ?FxStubDriverUnloadCommon@@YGXXZ 000109fe f   wdfdriverentry:stub.obj
 0001:0000077f       _FxStubDriverUnload@4      00010a1f f   wdfdriverentry:stub.obj
 0001:000007a2       _FxStubDriverMiniportUnload@8 00010a42 f   wdfdriverentry:stub.obj
 0001:000007aa       _FxDriverEntryWorker@8     00010a4a f   wdfdriverentry:stub.obj
 0001:0000087b       _FxDriverEntry@8           00010b1b f   wdfdriverentry:stub.obj
 0001:0000088b       ?FxStubBindClasses@@YGJPAU_WDF_BIND_INFO@@@Z 00010b2b f   wdfdriverentry:classbind.obj
 0001:000008e6       ?FxStubUnbindClasses@@YGXPAU_WDF_BIND_INFO@@@Z 00010b86 f   wdfdriverentry:classbind.obj
 0001:00000932       ?FxStubInitTypes@@YGXXZ    00010bd2 f   wdfdriverentry:inittypes.obj
 0001:0000096a       _WdfVersionUnbind@12       00010c0a f   wdfldr:WDFLDR.SYS
 0001:00000970       _WdfVersionBind@16         00010c10 f   wdfldr:WDFLDR.SYS
 0001:00000976       _WdfVersionBindClass@12    00010c16 f   wdfldr:WDFLDR.SYS
 0001:0000097c       _WdfVersionUnbindClass@12  00010c1c f   wdfldr:WDFLDR.SYS
 0002:00000000       __imp__WdfVersionBindClass@12 00010c40     wdfldr:WDFLDR.SYS
 0002:00000004       __imp__WdfVersionBind@16   00010c44     wdfldr:WDFLDR.SYS
 0002:00000008       __imp__WdfVersionUnbind@12 00010c48     wdfldr:WDFLDR.SYS
 0002:0000000c       __imp__WdfVersionUnbindClass@12 00010c4c     wdfldr:WDFLDR.SYS
 0002:00000010       \177WDFLDR_NULL_THUNK_DATA 00010c50     wdfldr:WDFLDR.SYS
 0002:00000014       __imp__DbgPrint            00010c54     ntoskrnl:ntoskrnl.exe
 0002:00000018       __imp__KeTickCount         00010c58     ntoskrnl:ntoskrnl.exe
 0002:00000018       _KeTickCount               00010c58     ntoskrnl:ntoskrnl.exe
 0002:0000001c       __imp__RtlZeroMemory@8     00010c5c     ntoskrnl:ntoskrnl.exe
 0002:00000020       __imp__RtlInitUnicodeString@8 00010c60     ntoskrnl:ntoskrnl.exe
 0002:00000024       __imp__RtlCopyUnicodeString@8 00010c64     ntoskrnl:ntoskrnl.exe
 0002:00000028       \177ntoskrnl_NULL_THUNK_DATA 00010c68     ntoskrnl:ntoskrnl.exe
 0002:0000010c       ??_C@_1BI@BJCKEEDJ@?$AAK?$AAm?$AAd?$AAf?$AAL?$AAi?$AAb?$AAr?$AAa?$AAr?$AAy?$AA?$AA@ 00010d4c     wdfdriverentry:stub.obj
 0003:0000002c       ___security_cookie         00010dac     BufferOverflowK:gs_support.obj
 0003:00000030       ___security_cookie_complement 00010db0     BufferOverflowK:gs_support.obj
 0003:00000038       ?__KMDF_CLASS_BIND_START@@3U_MARKER_TYPE@@A 00010db8     wdfdriverentry:classbind.obj
 0003:00000040       ?__KMDF_CLASS_BIND_END@@3PAXA 00010dc0     wdfdriverentry:classbind.obj
 0003:00000048       ?__KMDF_TYPE_INIT_START@@3U_MARKER_TYPE@@A 00010dc8     wdfdriverentry:inittypes.obj
 0003:00000050       ?__KMDF_TYPE_INIT_END@@3PAXA 00010dd0     wdfdriverentry:inittypes.obj
 0003:00000058       _WdfFunctions              00010dd8     wdfdriverentry:stub.obj
 0003:00000688       _typeWDF_IFR_HEADER        00011408     wdfdriverentry:stub.obj
 0003:0000069c       _WdfDriverGlobals          0001141c     wdfdriverentry:stub.obj
 0004:00000000       ___security_init_cookie    00011640 f   BufferOverflowK:gs_support.obj
 0004:00000034       __IMPORT_DESCRIPTOR_ntoskrnl 00011674     ntoskrnl:ntoskrnl.exe
 0004:00000048       __IMPORT_DESCRIPTOR_WDFLDR 00011688     wdfldr:WDFLDR.SYS
 0004:0000005c       __NULL_IMPORT_DESCRIPTOR   0001169c     ntoskrnl:ntoskrnl.exe

 entry point at        0001:00000721

 Static symbols

