 main

 Timestamp is 586c98a9 (Wed Jan 04 14:39:37 2017)

 Preferred load address is 00010000

 Start         Length     Name                   Class
 0001:00000000 000007a8H .text                   CODE
 0002:00000000 00000038H .idata$5                DATA
 0002:00000038 000000e4H .rdata                  DATA
 0003:00000000 00000030H .data                   DATA
 0003:00000030 00000008H .kmdfclassbind$a        DATA
 0003:00000038 00000004H .kmdfclassbind$c        DATA
 0003:0000003c 00000004H .kmdfclassbind$d        DATA
 0003:00000040 00000008H .kmdftypeinit$a         DATA
 0003:00000048 00000004H .kmdftypeinit$c         DATA
 0003:00000050 00000858H .bss                    DATA
 0004:00000000 00000034H INIT                    CODE
 0004:00000034 00000028H .idata$2                CODE
 0004:0000005c 00000014H .idata$3                CODE
 0004:00000070 00000038H .idata$4                CODE
 0004:000000a8 000000faH .idata$6                CODE

  Address         Publics by Value              Rva+Base     Lib:Object

 0001:00000000       _WDF_OBJECT_ATTRIBUTES_INIT@4 000102a0 f   main.obj
 0001:00000028       _WDF_FILEOBJECT_CONFIG_INIT@16 000102c8 f   main.obj
 0001:00000058       _WdfDeviceCreate@12        000102f8 f   main.obj
 0001:0000007a       _WdfDeviceCreateSymbolicLink@8 0001031a f   main.obj
 0001:00000099       _WdfDeviceCreateDeviceInterface@12 00010339 f   main.obj
 0001:000000bb       _WdfDeviceInitAssignName@8 0001035b f   main.obj
 0001:000000da       _WdfDeviceInitSetFileObjectConfig@12 0001037a f   main.obj
 0001:000000fc       _WdfDeviceInitSetIoType@8  0001039c f   main.obj
 0001:0000011b       _WdfDeviceWdmGetDeviceObject@4 000103bb f   main.obj
 0001:00000135       _WDF_DRIVER_CONFIG_INIT@8  000103d5 f   main.obj
 0001:00000156       _WdfDriverCreate@20        000103f6 f   main.obj
 0001:0000017e       _WdfRequestComplete@8      0001041e f   main.obj
 0001:0000019d       _WdfRequestCompleteWithInformation@12 0001043d f   main.obj
 0001:000001bf       _WdfRequestRetrieveOutputMemory@8 0001045f f   main.obj
 0001:000001de       _WdfRequestRetrieveInputMemory@8 0001047e f   main.obj
 0001:000001fd       _WdfRequestRetrieveInputWdmMdl@8 0001049d f   main.obj
 0001:0000021c       _WdfRequestRetrieveOutputWdmMdl@8 000104bc f   main.obj
 0001:0000023b       _WdfRequestRetrieveUnsafeUserInputBuffer@16 000104db f   main.obj
 0001:00000260       _WdfRequestRetrieveUnsafeUserOutputBuffer@16 00010500 f   main.obj
 0001:00000285       _WdfRequestProbeAndLockUserBufferForRead@16 00010525 f   main.obj
 0001:000002aa       _WdfRequestProbeAndLockUserBufferForWrite@16 0001054a f   main.obj
 0001:000002cf       _WdfRequestSetInformation@8 0001056f f   main.obj
 0001:000002ee       _WDF_IO_QUEUE_CONFIG_INIT_DEFAULT_QUEUE@8 0001058e f   main.obj
 0001:0000032a       _WdfIoQueueCreate@16       000105ca f   main.obj
 0001:0000034f       _WdfMemoryCopyFromBuffer@16 000105ef f   main.obj
 0001:00000374       _WdfMemoryCopyToBuffer@16  00010614 f   main.obj
 0001:00000399       _WdfMemoryGetBuffer@8      00010639 f   main.obj
 0001:000003b8       _OnTimer@8                 00010658 f   main.obj
 0001:000003d8       _IrpFileCreate@12          00010678 f   main.obj
 0001:000003f6       _IrpFileClose@4            00010696 f   main.obj
 0001:0000040a       _IrpIOCTL@20               000106aa f   main.obj
 0001:00000469       _AddDevice@8               00010709 f   main.obj
 0001:00000534       _DriverEntry@8             000107d4 f   main.obj
 0001:00000560       _IoInitializeTimer@12      00010800 f   ntoskrnl:ntoskrnl.exe
 0001:00000566       _IoStartTimer@4            00010806 f   ntoskrnl:ntoskrnl.exe
 0001:0000056c       _IoStopTimer@4             0001080c f   ntoskrnl:ntoskrnl.exe
 0001:00000572       _RtlInitUnicodeString@8    00010812 f   ntoskrnl:ntoskrnl.exe
 0001:00000578       _RtlZeroMemory@8           00010818 f   ntoskrnl:ntoskrnl.exe
 0001:0000057e       _DbgPrint                  0001081e f   ntoskrnl:ntoskrnl.exe
 0001:00000584       ?FxStubDriverUnloadCommon@@YGXXZ 00010824 f   wdfdriverentry:stub.obj
 0001:000005a5       _FxStubDriverUnload@4      00010845 f   wdfdriverentry:stub.obj
 0001:000005c8       _FxStubDriverMiniportUnload@8 00010868 f   wdfdriverentry:stub.obj
 0001:000005d0       _FxDriverEntryWorker@8     00010870 f   wdfdriverentry:stub.obj
 0001:000006a1       _FxDriverEntry@8           00010941 f   wdfdriverentry:stub.obj
 0001:000006b1       ?FxStubBindClasses@@YGJPAU_WDF_BIND_INFO@@@Z 00010951 f   wdfdriverentry:classbind.obj
 0001:0000070c       ?FxStubUnbindClasses@@YGXPAU_WDF_BIND_INFO@@@Z 000109ac f   wdfdriverentry:classbind.obj
 0001:00000758       ?FxStubInitTypes@@YGXXZ    000109f8 f   wdfdriverentry:inittypes.obj
 0001:00000790       _WdfVersionUnbind@12       00010a30 f   wdfldr:WDFLDR.SYS
 0001:00000796       _WdfVersionBind@16         00010a36 f   wdfldr:WDFLDR.SYS
 0001:0000079c       _WdfVersionBindClass@12    00010a3c f   wdfldr:WDFLDR.SYS
 0001:000007a2       _WdfVersionUnbindClass@12  00010a42 f   wdfldr:WDFLDR.SYS
 0002:00000000       __imp__WdfVersionBindClass@12 00010a60     wdfldr:WDFLDR.SYS
 0002:00000004       __imp__WdfVersionBind@16   00010a64     wdfldr:WDFLDR.SYS
 0002:00000008       __imp__WdfVersionUnbind@12 00010a68     wdfldr:WDFLDR.SYS
 0002:0000000c       __imp__WdfVersionUnbindClass@12 00010a6c     wdfldr:WDFLDR.SYS
 0002:00000010       \177WDFLDR_NULL_THUNK_DATA 00010a70     wdfldr:WDFLDR.SYS
 0002:00000014       __imp__RtlInitUnicodeString@8 00010a74     ntoskrnl:ntoskrnl.exe
 0002:00000018       __imp__RtlZeroMemory@8     00010a78     ntoskrnl:ntoskrnl.exe
 0002:0000001c       __imp__RtlCopyUnicodeString@8 00010a7c     ntoskrnl:ntoskrnl.exe
 0002:00000020       __imp__KeTickCount         00010a80     ntoskrnl:ntoskrnl.exe
 0002:00000020       _KeTickCount               00010a80     ntoskrnl:ntoskrnl.exe
 0002:00000024       __imp__IoStopTimer@4       00010a84     ntoskrnl:ntoskrnl.exe
 0002:00000028       __imp__IoStartTimer@4      00010a88     ntoskrnl:ntoskrnl.exe
 0002:0000002c       __imp__DbgPrint            00010a8c     ntoskrnl:ntoskrnl.exe
 0002:00000030       __imp__IoInitializeTimer@12 00010a90     ntoskrnl:ntoskrnl.exe
 0002:00000034       \177ntoskrnl_NULL_THUNK_DATA 00010a94     ntoskrnl:ntoskrnl.exe
 0002:00000104       ??_C@_1BI@BJCKEEDJ@?$AAK?$AAm?$AAd?$AAf?$AAL?$AAi?$AAb?$AAr?$AAa?$AAr?$AAy?$AA?$AA@ 00010b64     wdfdriverentry:stub.obj
 0003:00000028       ___security_cookie         00010ba8     BufferOverflowK:gs_support.obj
 0003:0000002c       ___security_cookie_complement 00010bac     BufferOverflowK:gs_support.obj
 0003:00000030       ?__KMDF_CLASS_BIND_START@@3U_MARKER_TYPE@@A 00010bb0     wdfdriverentry:classbind.obj
 0003:00000038       ?__KMDF_CLASS_BIND_END@@3PAXA 00010bb8     wdfdriverentry:classbind.obj
 0003:00000040       ?__KMDF_TYPE_INIT_START@@3U_MARKER_TYPE@@A 00010bc0     wdfdriverentry:inittypes.obj
 0003:00000048       ?__KMDF_TYPE_INIT_END@@3PAXA 00010bc8     wdfdriverentry:inittypes.obj
 0003:00000050       _WdfFunctions              00010bd0     wdfdriverentry:stub.obj
 0003:00000680       _typeWDF_IFR_HEADER        00011200     wdfdriverentry:stub.obj
 0003:00000694       _WdfDriverGlobals          00011214     wdfdriverentry:stub.obj
 0004:00000000       ___security_init_cookie    00011440 f   BufferOverflowK:gs_support.obj
 0004:00000034       __IMPORT_DESCRIPTOR_ntoskrnl 00011474     ntoskrnl:ntoskrnl.exe
 0004:00000048       __IMPORT_DESCRIPTOR_WDFLDR 00011488     wdfldr:WDFLDR.SYS
 0004:0000005c       __NULL_IMPORT_DESCRIPTOR   0001149c     ntoskrnl:ntoskrnl.exe

 entry point at        0001:00000534

 Static symbols

